==140996== Memcheck, a memory error detector
==140996== Copyright (C) 2002-2022, and GNU GPL'd, by Julian Seward et al.
==140996== Using Valgrind-3.22.0 and LibVEX; rerun with -h for copyright info
==140996== Command: ./minishell
==140996== Parent PID: 112173
==140996== 
==141042== 
==141042== HEAP SUMMARY:
==141042==     in use at exit: 232,888 bytes in 238 blocks
==141042==   total heap usage: 552 allocs, 314 frees, 265,825 bytes allocated
==141042== 
==141042== 8 bytes in 1 blocks are still reachable in loss record 1 of 78
==141042==    at 0x4846828: malloc (in /usr/libexec/valgrind/vgpreload_memcheck-amd64-linux.so)
==141042==    by 0x489FC97: xrealloc (in /usr/lib/x86_64-linux-gnu/libreadline.so.8.2)
==141042==    by 0x488B5AE: ??? (in /usr/lib/x86_64-linux-gnu/libreadline.so.8.2)
==141042==    by 0x488BCCD: rl_expand_prompt (in /usr/lib/x86_64-linux-gnu/libreadline.so.8.2)
==141042==    by 0x487A47F: rl_set_prompt (in /usr/lib/x86_64-linux-gnu/libreadline.so.8.2)
==141042==    by 0x4886891: readline (in /usr/lib/x86_64-linux-gnu/libreadline.so.8.2)
==141042==    by 0x1095DD: minishell_interactive (in /home/radek/42-minishell/minishell)
==141042==    by 0x1096D7: main (in /home/radek/42-minishell/minishell)
==141042== 
==141042== 8 bytes in 1 blocks are still reachable in loss record 2 of 78
==141042==    at 0x4846828: malloc (in /usr/libexec/valgrind/vgpreload_memcheck-amd64-linux.so)
==141042==    by 0x496C37E: strdup (strdup.c:42)
==141042==    by 0x4AE9FE7: _nc_trim_sgr0 (in /usr/lib/x86_64-linux-gnu/libtinfo.so.6.4)
==141042==    by 0x4AE69B7: tgetent_sp (in /usr/lib/x86_64-linux-gnu/libtinfo.so.6.4)
==141042==    by 0x489ACE4: _rl_init_terminal_io (in /usr/lib/x86_64-linux-gnu/libreadline.so.8.2)
==141042==    by 0x48865D7: rl_initialize (in /usr/lib/x86_64-linux-gnu/libreadline.so.8.2)
==141042==    by 0x4886896: readline (in /usr/lib/x86_64-linux-gnu/libreadline.so.8.2)
==141042==    by 0x1095DD: minishell_interactive (in /home/radek/42-minishell/minishell)
==141042==    by 0x1096D7: main (in /home/radek/42-minishell/minishell)
==141042== 
==141042== 8 bytes in 1 blocks are still reachable in loss record 3 of 78
==141042==    at 0x4846828: malloc (in /usr/libexec/valgrind/vgpreload_memcheck-amd64-linux.so)
==141042==    by 0x489F0EC: xmalloc (in /usr/lib/x86_64-linux-gnu/libreadline.so.8.2)
==141042==    by 0x48993EB: _rl_init_locale (in /usr/lib/x86_64-linux-gnu/libreadline.so.8.2)
==141042==    by 0x48994C6: _rl_init_eightbit (in /usr/lib/x86_64-linux-gnu/libreadline.so.8.2)
==141042==    by 0x48865F9: rl_initialize (in /usr/lib/x86_64-linux-gnu/libreadline.so.8.2)
==141042==    by 0x4886896: readline (in /usr/lib/x86_64-linux-gnu/libreadline.so.8.2)
==141042==    by 0x1095DD: minishell_interactive (in /home/radek/42-minishell/minishell)
==141042==    by 0x1096D7: main (in /home/radek/42-minishell/minishell)
==141042== 
==141042== 9 bytes in 1 blocks are still reachable in loss record 4 of 78
==141042==    at 0x4846828: malloc (in /usr/libexec/valgrind/vgpreload_memcheck-amd64-linux.so)
==141042==    by 0x489F0EC: xmalloc (in /usr/lib/x86_64-linux-gnu/libreadline.so.8.2)
==141042==    by 0x489A919: _rl_reset_region_color (in /usr/lib/x86_64-linux-gnu/libreadline.so.8.2)
==141042==    by 0x489AE6B: _rl_init_terminal_io (in /usr/lib/x86_64-linux-gnu/libreadline.so.8.2)
==141042==    by 0x48865D7: rl_initialize (in /usr/lib/x86_64-linux-gnu/libreadline.so.8.2)
==141042==    by 0x4886896: readline (in /usr/lib/x86_64-linux-gnu/libreadline.so.8.2)
==141042==    by 0x1095DD: minishell_interactive (in /home/radek/42-minishell/minishell)
==141042==    by 0x1096D7: main (in /home/radek/42-minishell/minishell)
==141042== 
==141042== 11 bytes in 1 blocks are still reachable in loss record 5 of 78
==141042==    at 0x4846828: malloc (in /usr/libexec/valgrind/vgpreload_memcheck-amd64-linux.so)
==141042==    by 0x489F0EC: xmalloc (in /usr/lib/x86_64-linux-gnu/libreadline.so.8.2)
==141042==    by 0x489A919: _rl_reset_region_color (in /usr/lib/x86_64-linux-gnu/libreadline.so.8.2)
==141042==    by 0x489AE7C: _rl_init_terminal_io (in /usr/lib/x86_64-linux-gnu/libreadline.so.8.2)
==141042==    by 0x48865D7: rl_initialize (in /usr/lib/x86_64-linux-gnu/libreadline.so.8.2)
==141042==    by 0x4886896: readline (in /usr/lib/x86_64-linux-gnu/libreadline.so.8.2)
==141042==    by 0x1095DD: minishell_interactive (in /home/radek/42-minishell/minishell)
==141042==    by 0x1096D7: main (in /home/radek/42-minishell/minishell)
==141042== 
==141042== 12 bytes in 1 blocks are still reachable in loss record 6 of 78
==141042==    at 0x4846828: malloc (in /usr/libexec/valgrind/vgpreload_memcheck-amd64-linux.so)
==141042==    by 0x489F0EC: xmalloc (in /usr/lib/x86_64-linux-gnu/libreadline.so.8.2)
==141042==    by 0x487A458: rl_set_prompt (in /usr/lib/x86_64-linux-gnu/libreadline.so.8.2)
==141042==    by 0x4886891: readline (in /usr/lib/x86_64-linux-gnu/libreadline.so.8.2)
==141042==    by 0x1095DD: minishell_interactive (in /home/radek/42-minishell/minishell)
==141042==    by 0x1096D7: main (in /home/radek/42-minishell/minishell)
==141042== 
==141042== 12 bytes in 1 blocks are still reachable in loss record 7 of 78
==141042==    at 0x4846828: malloc (in /usr/libexec/valgrind/vgpreload_memcheck-amd64-linux.so)
==141042==    by 0x489F0EC: xmalloc (in /usr/lib/x86_64-linux-gnu/libreadline.so.8.2)
==141042==    by 0x488BB2B: ??? (in /usr/lib/x86_64-linux-gnu/libreadline.so.8.2)
==141042==    by 0x488BCCD: rl_expand_prompt (in /usr/lib/x86_64-linux-gnu/libreadline.so.8.2)
==141042==    by 0x487A47F: rl_set_prompt (in /usr/lib/x86_64-linux-gnu/libreadline.so.8.2)
==141042==    by 0x4886891: readline (in /usr/lib/x86_64-linux-gnu/libreadline.so.8.2)
==141042==    by 0x1095DD: minishell_interactive (in /home/radek/42-minishell/minishell)
==141042==    by 0x1096D7: main (in /home/radek/42-minishell/minishell)
==141042== 
==141042== 12 bytes in 1 blocks are still reachable in loss record 8 of 78
==141042==    at 0x4846828: malloc (in /usr/libexec/valgrind/vgpreload_memcheck-amd64-linux.so)
==141042==    by 0x496C37E: strdup (strdup.c:42)
==141042==    by 0x4AD92D0: ??? (in /usr/lib/x86_64-linux-gnu/libtinfo.so.6.4)
==141042==    by 0x4ADBF9D: _nc_first_db (in /usr/lib/x86_64-linux-gnu/libtinfo.so.6.4)
==141042==    by 0x4AEAA8A: _nc_read_entry2 (in /usr/lib/x86_64-linux-gnu/libtinfo.so.6.4)
==141042==    by 0x4AE6135: ??? (in /usr/lib/x86_64-linux-gnu/libtinfo.so.6.4)
==141042==    by 0x4AE62C5: _nc_setupterm (in /usr/lib/x86_64-linux-gnu/libtinfo.so.6.4)
==141042==    by 0x4AE67D6: tgetent_sp (in /usr/lib/x86_64-linux-gnu/libtinfo.so.6.4)
==141042==    by 0x489ACE4: _rl_init_terminal_io (in /usr/lib/x86_64-linux-gnu/libreadline.so.8.2)
==141042==    by 0x48865D7: rl_initialize (in /usr/lib/x86_64-linux-gnu/libreadline.so.8.2)
==141042==    by 0x4886896: readline (in /usr/lib/x86_64-linux-gnu/libreadline.so.8.2)
==141042==    by 0x1095DD: minishell_interactive (in /home/radek/42-minishell/minishell)
==141042== 
==141042== 12 bytes in 1 blocks are still reachable in loss record 9 of 78
==141042==    at 0x4846828: malloc (in /usr/libexec/valgrind/vgpreload_memcheck-amd64-linux.so)
==141042==    by 0x489F0EC: xmalloc (in /usr/lib/x86_64-linux-gnu/libreadline.so.8.2)
==141042==    by 0x489856B: add_history (in /usr/lib/x86_64-linux-gnu/libreadline.so.8.2)
==141042==    by 0x109637: minishell_interactive (in /home/radek/42-minishell/minishell)
==141042==    by 0x1096D7: main (in /home/radek/42-minishell/minishell)
==141042== 
==141042== 13 bytes in 1 blocks are still reachable in loss record 10 of 78
==141042==    at 0x4846828: malloc (in /usr/libexec/valgrind/vgpreload_memcheck-amd64-linux.so)
==141042==    by 0x489F0EC: xmalloc (in /usr/lib/x86_64-linux-gnu/libreadline.so.8.2)
==141042==    by 0x488CB35: ??? (in /usr/lib/x86_64-linux-gnu/libreadline.so.8.2)
==141042==    by 0x4886600: rl_initialize (in /usr/lib/x86_64-linux-gnu/libreadline.so.8.2)
==141042==    by 0x4886896: readline (in /usr/lib/x86_64-linux-gnu/libreadline.so.8.2)
==141042==    by 0x1095DD: minishell_interactive (in /home/radek/42-minishell/minishell)
==141042==    by 0x1096D7: main (in /home/radek/42-minishell/minishell)
==141042== 
==141042== 14 bytes in 1 blocks are still reachable in loss record 11 of 78
==141042==    at 0x484DB80: realloc (in /usr/libexec/valgrind/vgpreload_memcheck-amd64-linux.so)
==141042==    by 0x4ADA9DC: _nc_doalloc (in /usr/lib/x86_64-linux-gnu/libtinfo.so.6.4)
==141042==    by 0x4AE3657: _nc_tiparm (in /usr/lib/x86_64-linux-gnu/libtinfo.so.6.4)
==141042==    by 0x4AE9F4F: ??? (in /usr/lib/x86_64-linux-gnu/libtinfo.so.6.4)
==141042==    by 0x4AE9FD9: _nc_trim_sgr0 (in /usr/lib/x86_64-linux-gnu/libtinfo.so.6.4)
==141042==    by 0x4AE69B7: tgetent_sp (in /usr/lib/x86_64-linux-gnu/libtinfo.so.6.4)
==141042==    by 0x489ACE4: _rl_init_terminal_io (in /usr/lib/x86_64-linux-gnu/libreadline.so.8.2)
==141042==    by 0x48865D7: rl_initialize (in /usr/lib/x86_64-linux-gnu/libreadline.so.8.2)
==141042==    by 0x4886896: readline (in /usr/lib/x86_64-linux-gnu/libreadline.so.8.2)
==141042==    by 0x1095DD: minishell_interactive (in /home/radek/42-minishell/minishell)
==141042==    by 0x1096D7: main (in /home/radek/42-minishell/minishell)
==141042== 
==141042== 15 bytes in 1 blocks are still reachable in loss record 12 of 78
==141042==    at 0x4846828: malloc (in /usr/libexec/valgrind/vgpreload_memcheck-amd64-linux.so)
==141042==    by 0x496C37E: strdup (strdup.c:42)
==141042==    by 0x4AE6328: _nc_setupterm (in /usr/lib/x86_64-linux-gnu/libtinfo.so.6.4)
==141042==    by 0x4AE67D6: tgetent_sp (in /usr/lib/x86_64-linux-gnu/libtinfo.so.6.4)
==141042==    by 0x489ACE4: _rl_init_terminal_io (in /usr/lib/x86_64-linux-gnu/libreadline.so.8.2)
==141042==    by 0x48865D7: rl_initialize (in /usr/lib/x86_64-linux-gnu/libreadline.so.8.2)
==141042==    by 0x4886896: readline (in /usr/lib/x86_64-linux-gnu/libreadline.so.8.2)
==141042==    by 0x1095DD: minishell_interactive (in /home/radek/42-minishell/minishell)
==141042==    by 0x1096D7: main (in /home/radek/42-minishell/minishell)
==141042== 
==141042== 16 bytes in 1 blocks are still reachable in loss record 13 of 78
==141042==    at 0x4846828: malloc (in /usr/libexec/valgrind/vgpreload_memcheck-amd64-linux.so)
==141042==    by 0x48866F1: rl_initialize (in /usr/lib/x86_64-linux-gnu/libreadline.so.8.2)
==141042==    by 0x4886896: readline (in /usr/lib/x86_64-linux-gnu/libreadline.so.8.2)
==141042==    by 0x1095DD: minishell_interactive (in /home/radek/42-minishell/minishell)
==141042==    by 0x1096D7: main (in /home/radek/42-minishell/minishell)
==141042== 
==141042== 20 bytes in 1 blocks are still reachable in loss record 14 of 78
==141042==    at 0x4846828: malloc (in /usr/libexec/valgrind/vgpreload_memcheck-amd64-linux.so)
==141042==    by 0x489F0EC: xmalloc (in /usr/lib/x86_64-linux-gnu/libreadline.so.8.2)
==141042==    by 0x4889B93: ??? (in /usr/lib/x86_64-linux-gnu/libreadline.so.8.2)
==141042==    by 0x488C6AB: rl_parse_and_bind (in /usr/lib/x86_64-linux-gnu/libreadline.so.8.2)
==141042==    by 0x488CAAB: ??? (in /usr/lib/x86_64-linux-gnu/libreadline.so.8.2)
==141042==    by 0x4886600: rl_initialize (in /usr/lib/x86_64-linux-gnu/libreadline.so.8.2)
==141042==    by 0x4886896: readline (in /usr/lib/x86_64-linux-gnu/libreadline.so.8.2)
==141042==    by 0x1095DD: minishell_interactive (in /home/radek/42-minishell/minishell)
==141042==    by 0x1096D7: main (in /home/radek/42-minishell/minishell)
==141042== 
==141042== 23 bytes in 1 blocks are still reachable in loss record 15 of 78
==141042==    at 0x4846828: malloc (in /usr/libexec/valgrind/vgpreload_memcheck-amd64-linux.so)
==141042==    by 0x489F0EC: xmalloc (in /usr/lib/x86_64-linux-gnu/libreadline.so.8.2)
==141042==    by 0x487BE37: readline_internal_teardown (in /usr/lib/x86_64-linux-gnu/libreadline.so.8.2)
==141042==    by 0x48868EA: readline (in /usr/lib/x86_64-linux-gnu/libreadline.so.8.2)
==141042==    by 0x1095DD: minishell_interactive (in /home/radek/42-minishell/minishell)
==141042==    by 0x1096D7: main (in /home/radek/42-minishell/minishell)
==141042== 
==141042== 23 bytes in 1 blocks are still reachable in loss record 16 of 78
==141042==    at 0x4846828: malloc (in /usr/libexec/valgrind/vgpreload_memcheck-amd64-linux.so)
==141042==    by 0x489F0EC: xmalloc (in /usr/lib/x86_64-linux-gnu/libreadline.so.8.2)
==141042==    by 0x4895C9A: alloc_history_entry (in /usr/lib/x86_64-linux-gnu/libreadline.so.8.2)
==141042==    by 0x48985AF: add_history (in /usr/lib/x86_64-linux-gnu/libreadline.so.8.2)
==141042==    by 0x109637: minishell_interactive (in /home/radek/42-minishell/minishell)
==141042==    by 0x1096D7: main (in /home/radek/42-minishell/minishell)
==141042== 
==141042== 24 bytes in 1 blocks are still reachable in loss record 17 of 78
==141043== 
==141042==    at 0x4846828: malloc (in /usr/libexec/valgrind/vgpreload_memcheck-amd64-linux.so)
==141042==    by 0x4ADB997: _nc_home_terminfo (in /usr/lib/x86_64-linux-gnu/libtinfo.so.6.4)
==141042==    by 0x4ADBF88: _nc_first_db (in /usr/lib/x86_64-linux-gnu/libtinfo.so.6.4)
==141043== HEAP SUMMARY:
==141043==     in use at exit: 238,480 bytes in 310 blocks
==141043==   total heap usage: 552 allocs, 242 frees, 265,799 bytes allocated
==141043== 
==141042==    by 0x4AEAA8A: _nc_read_entry2 (in /usr/lib/x86_64-linux-gnu/libtinfo.so.6.4)
==141042==    by 0x4AE6135: ??? (in /usr/lib/x86_64-linux-gnu/libtinfo.so.6.4)
==141042==    by 0x4AE62C5: _nc_setupterm (in /usr/lib/x86_64-linux-gnu/libtinfo.so.6.4)
==141042==    by 0x4AE67D6: tgetent_sp (in /usr/lib/x86_64-linux-gnu/libtinfo.so.6.4)
==141042==    by 0x489ACE4: _rl_init_terminal_io (in /usr/lib/x86_64-linux-gnu/libreadline.so.8.2)
==141042==    by 0x48865D7: rl_initialize (in /usr/lib/x86_64-linux-gnu/libreadline.so.8.2)
==141042==    by 0x4886896: readline (in /usr/lib/x86_64-linux-gnu/libreadline.so.8.2)
==141042==    by 0x1095DD: minishell_interactive (in /home/radek/42-minishell/minishell)
==141042==    by 0x1096D7: main (in /home/radek/42-minishell/minishell)
==141042== 
==141042== 24 bytes in 1 blocks are still reachable in loss record 18 of 78
==141042==    at 0x4846828: malloc (in /usr/libexec/valgrind/vgpreload_memcheck-amd64-linux.so)
==141042==    by 0x49E0510: tsearch (tsearch.c:337)
==141042==    by 0x4ADE6C7: ??? (in /usr/lib/x86_64-linux-gnu/libtinfo.so.6.4)
==141042==    by 0x4AE3278: _nc_tiparm (in /usr/lib/x86_64-linux-gnu/libtinfo.so.6.4)
==141042==    by 0x4AE9F4F: ??? (in /usr/lib/x86_64-linux-gnu/libtinfo.so.6.4)
==141042==    by 0x4AE9FD9: _nc_trim_sgr0 (in /usr/lib/x86_64-linux-gnu/libtinfo.so.6.4)
==141042==    by 0x4AE69B7: tgetent_sp (in /usr/lib/x86_64-linux-gnu/libtinfo.so.6.4)
==141042==    by 0x489ACE4: _rl_init_terminal_io (in /usr/lib/x86_64-linux-gnu/libreadline.so.8.2)
==141042==    by 0x48865D7: rl_initialize (in /usr/lib/x86_64-linux-gnu/libreadline.so.8.2)
==141042==    by 0x4886896: readline (in /usr/lib/x86_64-linux-gnu/libreadline.so.8.2)
==141042==    by 0x1095DD: minishell_interactive (in /home/radek/42-minishell/minishell)
==141042==    by 0x1096D7: main (in /home/radek/42-minishell/minishell)
==141042== 
==141042== 24 bytes in 1 blocks are still reachable in loss record 19 of 78
==141042==    at 0x4846828: malloc (in /usr/libexec/valgrind/vgpreload_memcheck-amd64-linux.so)
==141042==    by 0x489F0EC: xmalloc (in /usr/lib/x86_64-linux-gnu/libreadline.so.8.2)
==141042==    by 0x4895C7E: alloc_history_entry (in /usr/lib/x86_64-linux-gnu/libreadline.so.8.2)
==141042==    by 0x48985AF: add_history (in /usr/lib/x86_64-linux-gnu/libreadline.so.8.2)
==141042==    by 0x109637: minishell_interactive (in /home/radek/42-minishell/minishell)
==141042==    by 0x1096D7: main (in /home/radek/42-minishell/minishell)
==141042== 
==141042== 47 bytes in 1 blocks are still reachable in loss record 20 of 78
==141042==    at 0x484DB80: realloc (in /usr/libexec/valgrind/vgpreload_memcheck-amd64-linux.so)
==141042==    by 0x4ADA9DC: _nc_doalloc (in /usr/lib/x86_64-linux-gnu/libtinfo.so.6.4)
==141042==    by 0x4AE94A8: _nc_read_termtype (in /usr/lib/x86_64-linux-gnu/libtinfo.so.6.4)
==141042==    by 0x4AEA5C1: _nc_read_file_entry (in /usr/lib/x86_64-linux-gnu/libtinfo.so.6.4)
==141042==    by 0x4AEA94C: ??? (in /usr/lib/x86_64-linux-gnu/libtinfo.so.6.4)
==141042==    by 0x4AEAAB0: _nc_read_entry2 (in /usr/lib/x86_64-linux-gnu/libtinfo.so.6.4)
==141042==    by 0x4AE6135: ??? (in /usr/lib/x86_64-linux-gnu/libtinfo.so.6.4)
==141042==    by 0x4AE62C5: _nc_setupterm (in /usr/lib/x86_64-linux-gnu/libtinfo.so.6.4)
==141042==    by 0x4AE67D6: tgetent_sp (in /usr/lib/x86_64-linux-gnu/libtinfo.so.6.4)
==141042==    by 0x489ACE4: _rl_init_terminal_io (in /usr/lib/x86_64-linux-gnu/libreadline.so.8.2)
==141042==    by 0x48865D7: rl_initialize (in /usr/lib/x86_64-linux-gnu/libreadline.so.8.2)
==141042==    by 0x4886896: readline (in /usr/lib/x86_64-linux-gnu/libreadline.so.8.2)
==141042== 
==141042== 47 bytes in 1 blocks are still reachable in loss record 21 of 78
==141042==    at 0x4846828: malloc (in /usr/libexec/valgrind/vgpreload_memcheck-amd64-linux.so)
==141042==    by 0x4ADA000: ??? (in /usr/lib/x86_64-linux-gnu/libtinfo.so.6.4)
==141042==    by 0x4AE62F7: _nc_setupterm (in /usr/lib/x86_64-linux-gnu/libtinfo.so.6.4)
==141042==    by 0x4AE67D6: tgetent_sp (in /usr/lib/x86_64-linux-gnu/libtinfo.so.6.4)
==141042==    by 0x489ACE4: _rl_init_terminal_io (in /usr/lib/x86_64-linux-gnu/libreadline.so.8.2)
==141042==    by 0x48865D7: rl_initialize (in /usr/lib/x86_64-linux-gnu/libreadline.so.8.2)
==141042==    by 0x4886896: readline (in /usr/lib/x86_64-linux-gnu/libreadline.so.8.2)
==141042==    by 0x1095DD: minishell_interactive (in /home/radek/42-minishell/minishell)
==141042==    by 0x1096D7: main (in /home/radek/42-minishell/minishell)
==141042== 
==141042== 48 bytes in 1 blocks are still reachable in loss record 22 of 78
==141042==    at 0x484D953: calloc (in /usr/libexec/valgrind/vgpreload_memcheck-amd64-linux.so)
==141042==    by 0x4ADBB9B: _nc_first_db (in /usr/lib/x86_64-linux-gnu/libtinfo.so.6.4)
==141042==    by 0x4AEAA8A: _nc_read_entry2 (in /usr/lib/x86_64-linux-gnu/libtinfo.so.6.4)
==141042==    by 0x4AE6135: ??? (in /usr/lib/x86_64-linux-gnu/libtinfo.so.6.4)
==141042==    by 0x4AE62C5: _nc_setupterm (in /usr/lib/x86_64-linux-gnu/libtinfo.so.6.4)
==141042==    by 0x4AE67D6: tgetent_sp (in /usr/lib/x86_64-linux-gnu/libtinfo.so.6.4)
==141042==    by 0x489ACE4: _rl_init_terminal_io (in /usr/lib/x86_64-linux-gnu/libreadline.so.8.2)
==141042==    by 0x48865D7: rl_initialize (in /usr/lib/x86_64-linux-gnu/libreadline.so.8.2)
==141042==    by 0x4886896: readline (in /usr/lib/x86_64-linux-gnu/libreadline.so.8.2)
==141042==    by 0x1095DD: minishell_interactive (in /home/radek/42-minishell/minishell)
==141042==    by 0x1096D7: main (in /home/radek/42-minishell/minishell)
==141042== 
==141042== 78 bytes in 1 blocks are still reachable in loss record 23 of 78
==141042==    at 0x4846828: malloc (in /usr/libexec/valgrind/vgpreload_memcheck-amd64-linux.so)
==141042==    by 0x4ADA129: ??? (in /usr/lib/x86_64-linux-gnu/libtinfo.so.6.4)
==141042==    by 0x4AE62F7: _nc_setupterm (in /usr/lib/x86_64-linux-gnu/libtinfo.so.6.4)
==141042==    by 0x4AE67D6: tgetent_sp (in /usr/lib/x86_64-linux-gnu/libtinfo.so.6.4)
==141042==    by 0x489ACE4: _rl_init_terminal_io (in /usr/lib/x86_64-linux-gnu/libreadline.so.8.2)
==141042==    by 0x48865D7: rl_initialize (in /usr/lib/x86_64-linux-gnu/libreadline.so.8.2)
==141042==    by 0x4886896: readline (in /usr/lib/x86_64-linux-gnu/libreadline.so.8.2)
==141042==    by 0x1095DD: minishell_interactive (in /home/radek/42-minishell/minishell)
==141042==    by 0x1096D7: main (in /home/radek/42-minishell/minishell)
==141042== 
==141042== 93 bytes in 1 blocks are still reachable in loss record 24 of 78
==141042==    at 0x4846828: malloc (in /usr/libexec/valgrind/vgpreload_memcheck-amd64-linux.so)
==141042==    by 0x4ADBAFF: _nc_first_db (in /usr/lib/x86_64-linux-gnu/libtinfo.so.6.4)
==141042==    by 0x4AEAA8A: _nc_read_entry2 (in /usr/lib/x86_64-linux-gnu/libtinfo.so.6.4)
==141042==    by 0x4AE6135: ??? (in /usr/lib/x86_64-linux-gnu/libtinfo.so.6.4)
==141042==    by 0x4AE62C5: _nc_setupterm (in /usr/lib/x86_64-linux-gnu/libtinfo.so.6.4)
==141042==    by 0x4AE67D6: tgetent_sp (in /usr/lib/x86_64-linux-gnu/libtinfo.so.6.4)
==141042==    by 0x489ACE4: _rl_init_terminal_io (in /usr/lib/x86_64-linux-gnu/libreadline.so.8.2)
==141042==    by 0x48865D7: rl_initialize (in /usr/lib/x86_64-linux-gnu/libreadline.so.8.2)
==141042==    by 0x4886896: readline (in /usr/lib/x86_64-linux-gnu/libreadline.so.8.2)
==141042==    by 0x1095DD: minishell_interactive (in /home/radek/42-minishell/minishell)
==141042==    by 0x1096D7: main (in /home/radek/42-minishell/minishell)
==141042== 
==141042== 93 bytes in 1 blocks are still reachable in loss record 25 of 78
==141042==    at 0x4846828: malloc (in /usr/libexec/valgrind/vgpreload_memcheck-amd64-linux.so)
==141042==    by 0x496C37E: strdup (strdup.c:42)
==141042==    by 0x4ADE6A5: ??? (in /usr/lib/x86_64-linux-gnu/libtinfo.so.6.4)
==141042==    by 0x4AE3278: _nc_tiparm (in /usr/lib/x86_64-linux-gnu/libtinfo.so.6.4)
==141042==    by 0x4AE9F4F: ??? (in /usr/lib/x86_64-linux-gnu/libtinfo.so.6.4)
==141042==    by 0x4AE9FD9: _nc_trim_sgr0 (in /usr/lib/x86_64-linux-gnu/libtinfo.so.6.4)
==141042==    by 0x4AE69B7: tgetent_sp (in /usr/lib/x86_64-linux-gnu/libtinfo.so.6.4)
==141042==    by 0x489ACE4: _rl_init_terminal_io (in /usr/lib/x86_64-linux-gnu/libreadline.so.8.2)
==141042==    by 0x48865D7: rl_initialize (in /usr/lib/x86_64-linux-gnu/libreadline.so.8.2)
==141042==    by 0x4886896: readline (in /usr/lib/x86_64-linux-gnu/libreadline.so.8.2)
==141042==    by 0x1095DD: minishell_interactive (in /home/radek/42-minishell/minishell)
==141042==    by 0x1096D7: main (in /home/radek/42-minishell/minishell)
==141042== 
==141042== 94 bytes in 1 blocks are still reachable in loss record 26 of 78
==141042==    at 0x4846828: malloc (in /usr/libexec/valgrind/vgpreload_memcheck-amd64-linux.so)
==141042==    by 0x4ADE237: _nc_tparm_analyze (in /usr/lib/x86_64-linux-gnu/libtinfo.so.6.4)
==141042==    by 0x4ADE5B2: ??? (in /usr/lib/x86_64-linux-gnu/libtinfo.so.6.4)
==141042==    by 0x4AE3278: _nc_tiparm (in /usr/lib/x86_64-linux-gnu/libtinfo.so.6.4)
==141042==    by 0x4AE9F4F: ??? (in /usr/lib/x86_64-linux-gnu/libtinfo.so.6.4)
==141042==    by 0x4AE9FD9: _nc_trim_sgr0 (in /usr/lib/x86_64-linux-gnu/libtinfo.so.6.4)
==141042==    by 0x4AE69B7: tgetent_sp (in /usr/lib/x86_64-linux-gnu/libtinfo.so.6.4)
==141042==    by 0x489ACE4: _rl_init_terminal_io (in /usr/lib/x86_64-linux-gnu/libreadline.so.8.2)
==141042==    by 0x48865D7: rl_initialize (in /usr/lib/x86_64-linux-gnu/libreadline.so.8.2)
==141042==    by 0x4886896: readline (in /usr/lib/x86_64-linux-gnu/libreadline.so.8.2)
==141042==    by 0x1095DD: minishell_interactive (in /home/radek/42-minishell/minishell)
==141042==    by 0x1096D7: main (in /home/radek/42-minishell/minishell)
==141042== 
==141042== 156 bytes in 1 blocks are still reachable in loss record 27 of 78
==141042==    at 0x484DB80: realloc (in /usr/libexec/valgrind/vgpreload_memcheck-amd64-linux.so)
==141042==    by 0x4ADA9DC: _nc_doalloc (in /usr/lib/x86_64-linux-gnu/libtinfo.so.6.4)
==141042==    by 0x4AE94C6: _nc_read_termtype (in /usr/lib/x86_64-linux-gnu/libtinfo.so.6.4)
==141042==    by 0x4AEA5C1: _nc_read_file_entry (in /usr/lib/x86_64-linux-gnu/libtinfo.so.6.4)
==141042==    by 0x4AEA94C: ??? (in /usr/lib/x86_64-linux-gnu/libtinfo.so.6.4)
==141042==    by 0x4AEAAB0: _nc_read_entry2 (in /usr/lib/x86_64-linux-gnu/libtinfo.so.6.4)
==141042==    by 0x4AE6135: ??? (in /usr/lib/x86_64-linux-gnu/libtinfo.so.6.4)
==141042==    by 0x4AE62C5: _nc_setupterm (in /usr/lib/x86_64-linux-gnu/libtinfo.so.6.4)
==141042==    by 0x4AE67D6: tgetent_sp (in /usr/lib/x86_64-linux-gnu/libtinfo.so.6.4)
==141042==    by 0x489ACE4: _rl_init_terminal_io (in /usr/lib/x86_64-linux-gnu/libreadline.so.8.2)
==141042==    by 0x48865D7: rl_initialize (in /usr/lib/x86_64-linux-gnu/libreadline.so.8.2)
==141042==    by 0x4886896: readline (in /usr/lib/x86_64-linux-gnu/libreadline.so.8.2)
==141042== 
==141042== 168 bytes in 1 blocks are still reachable in loss record 28 of 78
==141042==    at 0x484D953: calloc (in /usr/libexec/valgrind/vgpreload_memcheck-amd64-linux.so)
==141042==    by 0x4ADE61E: ??? (in /usr/lib/x86_64-linux-gnu/libtinfo.so.6.4)
==141042==    by 0x4AE3278: _nc_tiparm (in /usr/lib/x86_64-linux-gnu/libtinfo.so.6.4)
==141042==    by 0x4AE9F4F: ??? (in /usr/lib/x86_64-linux-gnu/libtinfo.so.6.4)
==141042==    by 0x4AE9FD9: _nc_trim_sgr0 (in /usr/lib/x86_64-linux-gnu/libtinfo.so.6.4)
==141042==    by 0x4AE69B7: tgetent_sp (in /usr/lib/x86_64-linux-gnu/libtinfo.so.6.4)
==141042==    by 0x489ACE4: _rl_init_terminal_io (in /usr/lib/x86_64-linux-gnu/libreadline.so.8.2)
==141042==    by 0x48865D7: rl_initialize (in /usr/lib/x86_64-linux-gnu/libreadline.so.8.2)
==141042==    by 0x4886896: readline (in /usr/lib/x86_64-linux-gnu/libreadline.so.8.2)
==141042==    by 0x1095DD: minishell_interactive (in /home/radek/42-minishell/minishell)
==141042==    by 0x1096D7: main (in /home/radek/42-minishell/minishell)
==141042== 
==141042== 256 bytes in 1 blocks are still reachable in loss record 29 of 78
==141042==    at 0x4846828: malloc (in /usr/libexec/valgrind/vgpreload_memcheck-amd64-linux.so)
==141043== 7 bytes in 2 blocks are still reachable in loss record 1 of 89
==141042==    by 0x489F0EC: xmalloc (in /usr/lib/x86_64-linux-gnu/libreadline.so.8.2)
==141042==    by 0x4886846: rl_initialize (in /usr/lib/x86_64-linux-gnu/libreadline.so.8.2)
==141042==    by 0x4886896: readline (in /usr/lib/x86_64-linux-gnu/libreadline.so.8.2)
==141043==    at 0x4846828: malloc (in /usr/libexec/valgrind/vgpreload_memcheck-amd64-linux.so)
==141042==    by 0x1095DD: minishell_interactive (in /home/radek/42-minishell/minishell)
==141043==    by 0x10A3E8: handle_removing (in /home/radek/42-minishell/minishell)
==141042==    by 0x1096D7: main (in /home/radek/42-minishell/minishell)
==141043==    by 0x10A53A: remove_quotes (in /home/radek/42-minishell/minishell)
==141042== 
==141043==    by 0x10BDF3: exec_cmd (in /home/radek/42-minishell/minishell)
==141042== 712 bytes in 1 blocks are still reachable in loss record 30 of 78
==141043==    by 0x10C7CF: child_process (in /home/radek/42-minishell/minishell)
==141042==    at 0x484D953: calloc (in /usr/libexec/valgrind/vgpreload_memcheck-amd64-linux.so)
==141043==    by 0x10B73F: handle_processes (in /home/radek/42-minishell/minishell)
==141042==    by 0x4AE9783: _nc_read_termtype (in /usr/lib/x86_64-linux-gnu/libtinfo.so.6.4)
==141043==    by 0x10B873: exec_pipes (in /home/radek/42-minishell/minishell)
==141042==    by 0x4AEA5C1: _nc_read_file_entry (in /usr/lib/x86_64-linux-gnu/libtinfo.so.6.4)
==141042==    by 0x4AEA94C: ??? (in /usr/lib/x86_64-linux-gnu/libtinfo.so.6.4)
==141043==    by 0x10B8F7: start_pipes (in /home/radek/42-minishell/minishell)
==141042==    by 0x4AEAAB0: _nc_read_entry2 (in /usr/lib/x86_64-linux-gnu/libtinfo.so.6.4)
==141043==    by 0x10B991: start_execution (in /home/radek/42-minishell/minishell)
==141042==    by 0x4AE6135: ??? (in /usr/lib/x86_64-linux-gnu/libtinfo.so.6.4)
==141043==    by 0x109B9E: input_handler (in /home/radek/42-minishell/minishell)
==141042==    by 0x4AE62C5: _nc_setupterm (in /usr/lib/x86_64-linux-gnu/libtinfo.so.6.4)
==141043==    by 0x109643: minishell_interactive (in /home/radek/42-minishell/minishell)
==141042==    by 0x4AE67D6: tgetent_sp (in /usr/lib/x86_64-linux-gnu/libtinfo.so.6.4)
==141043==    by 0x1096D7: main (in /home/radek/42-minishell/minishell)
==141042==    by 0x489ACE4: _rl_init_terminal_io (in /usr/lib/x86_64-linux-gnu/libreadline.so.8.2)
==141043== 
==141042==    by 0x48865D7: rl_initialize (in /usr/lib/x86_64-linux-gnu/libreadline.so.8.2)
==141042==    by 0x4886896: readline (in /usr/lib/x86_64-linux-gnu/libreadline.so.8.2)
==141043== 7 bytes in 2 blocks are still reachable in loss record 2 of 89
==141042==    by 0x1095DD: minishell_interactive (in /home/radek/42-minishell/minishell)
==141043==    at 0x4846828: malloc (in /usr/libexec/valgrind/vgpreload_memcheck-amd64-linux.so)
==141042== 
==141043==    by 0x10E03B: ft_strdup (in /home/radek/42-minishell/minishell)
==141043==    by 0x109C99: create_node (in /home/radek/42-minishell/minishell)
==141042== 712 bytes in 1 blocks are still reachable in loss record 31 of 78
==141043==    by 0x109CE5: add_node (in /home/radek/42-minishell/minishell)
==141042==    at 0x4846828: malloc (in /usr/libexec/valgrind/vgpreload_memcheck-amd64-linux.so)
==141043==    by 0x10BD29: argv_to_token_list (in /home/radek/42-minishell/minishell)
==141042==    by 0x4ADA27D: ??? (in /usr/lib/x86_64-linux-gnu/libtinfo.so.6.4)
==141043==    by 0x10BDFF: exec_cmd (in /home/radek/42-minishell/minishell)
==141042==    by 0x4AE62F7: _nc_setupterm (in /usr/lib/x86_64-linux-gnu/libtinfo.so.6.4)
==141043==    by 0x10C7CF: child_process (in /home/radek/42-minishell/minishell)
==141042==    by 0x4AE67D6: tgetent_sp (in /usr/lib/x86_64-linux-gnu/libtinfo.so.6.4)
==141042==    by 0x489ACE4: _rl_init_terminal_io (in /usr/lib/x86_64-linux-gnu/libreadline.so.8.2)
==141042==    by 0x48865D7: rl_initialize (in /usr/lib/x86_64-linux-gnu/libreadline.so.8.2)
==141042==    by 0x4886896: readline (in /usr/lib/x86_64-linux-gnu/libreadline.so.8.2)
==141042==    by 0x1095DD: minishell_interactive (in /home/radek/42-minishell/minishell)
==141042==    by 0x1096D7: main (in /home/radek/42-minishell/minishell)
==141042== 
==141043==    by 0x10B73F: handle_processes (in /home/radek/42-minishell/minishell)
==141042== 760 bytes in 1 blocks are still reachable in loss record 32 of 78
==141043==    by 0x10B873: exec_pipes (in /home/radek/42-minishell/minishell)
==141042==    at 0x484D953: calloc (in /usr/libexec/valgrind/vgpreload_memcheck-amd64-linux.so)
==141043==    by 0x10B8F7: start_pipes (in /home/radek/42-minishell/minishell)
==141042==    by 0x4AE626F: _nc_setupterm (in /usr/lib/x86_64-linux-gnu/libtinfo.so.6.4)
==141043==    by 0x10B991: start_execution (in /home/radek/42-minishell/minishell)
==141042==    by 0x4AE67D6: tgetent_sp (in /usr/lib/x86_64-linux-gnu/libtinfo.so.6.4)
==141043==    by 0x109B9E: input_handler (in /home/radek/42-minishell/minishell)
==141042==    by 0x489ACE4: _rl_init_terminal_io (in /usr/lib/x86_64-linux-gnu/libreadline.so.8.2)
==141043== 
==141042==    by 0x48865D7: rl_initialize (in /usr/lib/x86_64-linux-gnu/libreadline.so.8.2)
==141042==    by 0x4886896: readline (in /usr/lib/x86_64-linux-gnu/libreadline.so.8.2)
==141042==    by 0x1095DD: minishell_interactive (in /home/radek/42-minishell/minishell)
==141043== 8 bytes in 1 blocks are still reachable in loss record 3 of 89
==141042==    by 0x1096D7: main (in /home/radek/42-minishell/minishell)
==141042== 
==141043==    at 0x4846828: malloc (in /usr/libexec/valgrind/vgpreload_memcheck-amd64-linux.so)
==141043==    by 0x489FC97: xrealloc (in /usr/lib/x86_64-linux-gnu/libreadline.so.8.2)
==141042== 1,024 bytes in 1 blocks are still reachable in loss record 33 of 78
==141043==    by 0x488B5AE: ??? (in /usr/lib/x86_64-linux-gnu/libreadline.so.8.2)
==141042==    at 0x4846828: malloc (in /usr/libexec/valgrind/vgpreload_memcheck-amd64-linux.so)
==141043==    by 0x488BCCD: rl_expand_prompt (in /usr/lib/x86_64-linux-gnu/libreadline.so.8.2)
==141042==    by 0x489FC97: xrealloc (in /usr/lib/x86_64-linux-gnu/libreadline.so.8.2)
==141043==    by 0x487A47F: rl_set_prompt (in /usr/lib/x86_64-linux-gnu/libreadline.so.8.2)
==141042==    by 0x48889C2: ??? (in /usr/lib/x86_64-linux-gnu/libreadline.so.8.2)
==141043==    by 0x4886891: readline (in /usr/lib/x86_64-linux-gnu/libreadline.so.8.2)
==141042==    by 0x4888AB8: ??? (in /usr/lib/x86_64-linux-gnu/libreadline.so.8.2)
==141043==    by 0x1095DD: minishell_interactive (in /home/radek/42-minishell/minishell)
==141042==    by 0x48921D6: rl_redisplay (in /usr/lib/x86_64-linux-gnu/libreadline.so.8.2)
==141043==    by 0x1096D7: main (in /home/radek/42-minishell/minishell)
==141042==    by 0x487BC6D: readline_internal_setup (in /usr/lib/x86_64-linux-gnu/libreadline.so.8.2)
==141043== 
==141042==    by 0x48868BA: readline (in /usr/lib/x86_64-linux-gnu/libreadline.so.8.2)
==141042==    by 0x1095DD: minishell_interactive (in /home/radek/42-minishell/minishell)
==141042==    by 0x1096D7: main (in /home/radek/42-minishell/minishell)
==141042== 
==141043== 8 bytes in 1 blocks are still reachable in loss record 4 of 89
==141042== 1,024 bytes in 1 blocks are still reachable in loss record 34 of 78
==141043==    at 0x4846828: malloc (in /usr/libexec/valgrind/vgpreload_memcheck-amd64-linux.so)
==141042==    at 0x4846828: malloc (in /usr/libexec/valgrind/vgpreload_memcheck-amd64-linux.so)
==141042==    by 0x489FC97: xrealloc (in /usr/lib/x86_64-linux-gnu/libreadline.so.8.2)
==141043==    by 0x496C37E: strdup (strdup.c:42)
==141042==    by 0x48889D1: ??? (in /usr/lib/x86_64-linux-gnu/libreadline.so.8.2)
==141042==    by 0x4888AB8: ??? (in /usr/lib/x86_64-linux-gnu/libreadline.so.8.2)
==141043==    by 0x4AE9FE7: _nc_trim_sgr0 (in /usr/lib/x86_64-linux-gnu/libtinfo.so.6.4)
==141042==    by 0x48921D6: rl_redisplay (in /usr/lib/x86_64-linux-gnu/libreadline.so.8.2)
==141043==    by 0x4AE69B7: tgetent_sp (in /usr/lib/x86_64-linux-gnu/libtinfo.so.6.4)
==141042==    by 0x487BC6D: readline_internal_setup (in /usr/lib/x86_64-linux-gnu/libreadline.so.8.2)
==141043==    by 0x489ACE4: _rl_init_terminal_io (in /usr/lib/x86_64-linux-gnu/libreadline.so.8.2)
==141042==    by 0x48868BA: readline (in /usr/lib/x86_64-linux-gnu/libreadline.so.8.2)
==141043==    by 0x48865D7: rl_initialize (in /usr/lib/x86_64-linux-gnu/libreadline.so.8.2)
==141042==    by 0x1095DD: minishell_interactive (in /home/radek/42-minishell/minishell)
==141043==    by 0x4886896: readline (in /usr/lib/x86_64-linux-gnu/libreadline.so.8.2)
==141042==    by 0x1096D7: main (in /home/radek/42-minishell/minishell)
==141043==    by 0x1095DD: minishell_interactive (in /home/radek/42-minishell/minishell)
==141042== 
==141043==    by 0x1096D7: main (in /home/radek/42-minishell/minishell)
==141043== 
==141042== 1,024 bytes in 1 blocks are still reachable in loss record 35 of 78
==141043== 8 bytes in 1 blocks are still reachable in loss record 5 of 89
==141042==    at 0x4846828: malloc (in /usr/libexec/valgrind/vgpreload_memcheck-amd64-linux.so)
==141043==    at 0x4846828: malloc (in /usr/libexec/valgrind/vgpreload_memcheck-amd64-linux.so)
==141042==    by 0x489FC97: xrealloc (in /usr/lib/x86_64-linux-gnu/libreadline.so.8.2)
==141043==    by 0x489F0EC: xmalloc (in /usr/lib/x86_64-linux-gnu/libreadline.so.8.2)
==141042==    by 0x48889E8: ??? (in /usr/lib/x86_64-linux-gnu/libreadline.so.8.2)
==141043==    by 0x48993EB: _rl_init_locale (in /usr/lib/x86_64-linux-gnu/libreadline.so.8.2)
==141042==    by 0x4888AB8: ??? (in /usr/lib/x86_64-linux-gnu/libreadline.so.8.2)
==141043==    by 0x48994C6: _rl_init_eightbit (in /usr/lib/x86_64-linux-gnu/libreadline.so.8.2)
==141042==    by 0x48921D6: rl_redisplay (in /usr/lib/x86_64-linux-gnu/libreadline.so.8.2)
==141043==    by 0x48865F9: rl_initialize (in /usr/lib/x86_64-linux-gnu/libreadline.so.8.2)
==141042==    by 0x487BC6D: readline_internal_setup (in /usr/lib/x86_64-linux-gnu/libreadline.so.8.2)
==141043==    by 0x4886896: readline (in /usr/lib/x86_64-linux-gnu/libreadline.so.8.2)
==141042==    by 0x48868BA: readline (in /usr/lib/x86_64-linux-gnu/libreadline.so.8.2)
==141043==    by 0x1095DD: minishell_interactive (in /home/radek/42-minishell/minishell)
==141042==    by 0x1095DD: minishell_interactive (in /home/radek/42-minishell/minishell)
==141043==    by 0x1096D7: main (in /home/radek/42-minishell/minishell)
==141042==    by 0x1096D7: main (in /home/radek/42-minishell/minishell)
==141043== 
==141042== 
==141043== 8 bytes in 1 blocks are still reachable in loss record 6 of 89
==141043==    at 0x4846828: malloc (in /usr/libexec/valgrind/vgpreload_memcheck-amd64-linux.so)
==141042== 1,024 bytes in 1 blocks are still reachable in loss record 36 of 78
==141043==    by 0x10B82D: exec_pipes (in /home/radek/42-minishell/minishell)
==141042==    at 0x4846828: malloc (in /usr/libexec/valgrind/vgpreload_memcheck-amd64-linux.so)
==141043==    by 0x10B8F7: start_pipes (in /home/radek/42-minishell/minishell)
==141042==    by 0x489FC97: xrealloc (in /usr/lib/x86_64-linux-gnu/libreadline.so.8.2)
==141043==    by 0x10B991: start_execution (in /home/radek/42-minishell/minishell)
==141042==    by 0x4888A01: ??? (in /usr/lib/x86_64-linux-gnu/libreadline.so.8.2)
==141043==    by 0x109B9E: input_handler (in /home/radek/42-minishell/minishell)
==141042==    by 0x4888AB8: ??? (in /usr/lib/x86_64-linux-gnu/libreadline.so.8.2)
==141043==    by 0x109643: minishell_interactive (in /home/radek/42-minishell/minishell)
==141042==    by 0x48921D6: rl_redisplay (in /usr/lib/x86_64-linux-gnu/libreadline.so.8.2)
==141043==    by 0x1096D7: main (in /home/radek/42-minishell/minishell)
==141042==    by 0x487BC6D: readline_internal_setup (in /usr/lib/x86_64-linux-gnu/libreadline.so.8.2)
==141043== 
==141042==    by 0x48868BA: readline (in /usr/lib/x86_64-linux-gnu/libreadline.so.8.2)
==141042==    by 0x1095DD: minishell_interactive (in /home/radek/42-minishell/minishell)
==141043== 9 bytes in 1 blocks are still reachable in loss record 7 of 89
==141042==    by 0x1096D7: main (in /home/radek/42-minishell/minishell)
==141043==    at 0x4846828: malloc (in /usr/libexec/valgrind/vgpreload_memcheck-amd64-linux.so)
==141042== 
==141043==    by 0x489F0EC: xmalloc (in /usr/lib/x86_64-linux-gnu/libreadline.so.8.2)
==141043==    by 0x489A919: _rl_reset_region_color (in /usr/lib/x86_64-linux-gnu/libreadline.so.8.2)
==141042== 1,024 bytes in 1 blocks are still reachable in loss record 37 of 78
==141043==    by 0x489AE6B: _rl_init_terminal_io (in /usr/lib/x86_64-linux-gnu/libreadline.so.8.2)
==141042==    at 0x4846828: malloc (in /usr/libexec/valgrind/vgpreload_memcheck-amd64-linux.so)
==141043==    by 0x48865D7: rl_initialize (in /usr/lib/x86_64-linux-gnu/libreadline.so.8.2)
==141042==    by 0x489F0EC: xmalloc (in /usr/lib/x86_64-linux-gnu/libreadline.so.8.2)
==141043==    by 0x4886896: readline (in /usr/lib/x86_64-linux-gnu/libreadline.so.8.2)
==141042==    by 0x4888B17: ??? (in /usr/lib/x86_64-linux-gnu/libreadline.so.8.2)
==141043==    by 0x1095DD: minishell_interactive (in /home/radek/42-minishell/minishell)
==141042==    by 0x48921D6: rl_redisplay (in /usr/lib/x86_64-linux-gnu/libreadline.so.8.2)
==141043==    by 0x1096D7: main (in /home/radek/42-minishell/minishell)
==141042==    by 0x487BC6D: readline_internal_setup (in /usr/lib/x86_64-linux-gnu/libreadline.so.8.2)
==141043== 
==141042==    by 0x48868BA: readline (in /usr/lib/x86_64-linux-gnu/libreadline.so.8.2)
==141042==    by 0x1095DD: minishell_interactive (in /home/radek/42-minishell/minishell)
==141043== 11 bytes in 1 blocks are still reachable in loss record 8 of 89
==141042==    by 0x1096D7: main (in /home/radek/42-minishell/minishell)
==141043==    at 0x4846828: malloc (in /usr/libexec/valgrind/vgpreload_memcheck-amd64-linux.so)
==141042== 
==141043==    by 0x489F0EC: xmalloc (in /usr/lib/x86_64-linux-gnu/libreadline.so.8.2)
==141042== 1,024 bytes in 1 blocks are still reachable in loss record 38 of 78
==141043==    by 0x489A919: _rl_reset_region_color (in /usr/lib/x86_64-linux-gnu/libreadline.so.8.2)
==141042==    at 0x4846828: malloc (in /usr/libexec/valgrind/vgpreload_memcheck-amd64-linux.so)
==141043==    by 0x489AE7C: _rl_init_terminal_io (in /usr/lib/x86_64-linux-gnu/libreadline.so.8.2)
==141042==    by 0x489F0EC: xmalloc (in /usr/lib/x86_64-linux-gnu/libreadline.so.8.2)
==141043==    by 0x48865D7: rl_initialize (in /usr/lib/x86_64-linux-gnu/libreadline.so.8.2)
==141042==    by 0x4888B2E: ??? (in /usr/lib/x86_64-linux-gnu/libreadline.so.8.2)
==141043==    by 0x4886896: readline (in /usr/lib/x86_64-linux-gnu/libreadline.so.8.2)
==141042==    by 0x48921D6: rl_redisplay (in /usr/lib/x86_64-linux-gnu/libreadline.so.8.2)
==141043==    by 0x1095DD: minishell_interactive (in /home/radek/42-minishell/minishell)
==141042==    by 0x487BC6D: readline_internal_setup (in /usr/lib/x86_64-linux-gnu/libreadline.so.8.2)
==141043==    by 0x1096D7: main (in /home/radek/42-minishell/minishell)
==141042==    by 0x48868BA: readline (in /usr/lib/x86_64-linux-gnu/libreadline.so.8.2)
==141043== 
==141042==    by 0x1095DD: minishell_interactive (in /home/radek/42-minishell/minishell)
==141042==    by 0x1096D7: main (in /home/radek/42-minishell/minishell)
==141043== 12 bytes in 1 blocks are still reachable in loss record 9 of 89
==141042== 
==141043==    at 0x4846828: malloc (in /usr/libexec/valgrind/vgpreload_memcheck-amd64-linux.so)
==141042== 1,024 bytes in 1 blocks are still reachable in loss record 39 of 78
==141043==    by 0x489F0EC: xmalloc (in /usr/lib/x86_64-linux-gnu/libreadline.so.8.2)
==141042==    at 0x4846828: malloc (in /usr/libexec/valgrind/vgpreload_memcheck-amd64-linux.so)
==141043==    by 0x487A458: rl_set_prompt (in /usr/lib/x86_64-linux-gnu/libreadline.so.8.2)
==141042==    by 0x489F0EC: xmalloc (in /usr/lib/x86_64-linux-gnu/libreadline.so.8.2)
==141043==    by 0x4886891: readline (in /usr/lib/x86_64-linux-gnu/libreadline.so.8.2)
==141042==    by 0x4888B3D: ??? (in /usr/lib/x86_64-linux-gnu/libreadline.so.8.2)
==141043==    by 0x1095DD: minishell_interactive (in /home/radek/42-minishell/minishell)
==141042==    by 0x48921D6: rl_redisplay (in /usr/lib/x86_64-linux-gnu/libreadline.so.8.2)
==141043==    by 0x1096D7: main (in /home/radek/42-minishell/minishell)
==141042==    by 0x487BC6D: readline_internal_setup (in /usr/lib/x86_64-linux-gnu/libreadline.so.8.2)
==141043== 
==141042==    by 0x48868BA: readline (in /usr/lib/x86_64-linux-gnu/libreadline.so.8.2)
==141043== 12 bytes in 1 blocks are still reachable in loss record 10 of 89
==141042==    by 0x1095DD: minishell_interactive (in /home/radek/42-minishell/minishell)
==141043==    at 0x4846828: malloc (in /usr/libexec/valgrind/vgpreload_memcheck-amd64-linux.so)
==141042==    by 0x1096D7: main (in /home/radek/42-minishell/minishell)
==141043==    by 0x489F0EC: xmalloc (in /usr/lib/x86_64-linux-gnu/libreadline.so.8.2)
==141042== 
==141043==    by 0x488BB2B: ??? (in /usr/lib/x86_64-linux-gnu/libreadline.so.8.2)
==141042== 1,024 bytes in 1 blocks are still reachable in loss record 40 of 78
==141043==    by 0x488BCCD: rl_expand_prompt (in /usr/lib/x86_64-linux-gnu/libreadline.so.8.2)
==141042==    at 0x4846828: malloc (in /usr/libexec/valgrind/vgpreload_memcheck-amd64-linux.so)
==141043==    by 0x487A47F: rl_set_prompt (in /usr/lib/x86_64-linux-gnu/libreadline.so.8.2)
==141042==    by 0x489F0EC: xmalloc (in /usr/lib/x86_64-linux-gnu/libreadline.so.8.2)
==141043==    by 0x4886891: readline (in /usr/lib/x86_64-linux-gnu/libreadline.so.8.2)
==141042==    by 0x4888B4C: ??? (in /usr/lib/x86_64-linux-gnu/libreadline.so.8.2)
==141043==    by 0x1095DD: minishell_interactive (in /home/radek/42-minishell/minishell)
==141042==    by 0x48921D6: rl_redisplay (in /usr/lib/x86_64-linux-gnu/libreadline.so.8.2)
==141043==    by 0x1096D7: main (in /home/radek/42-minishell/minishell)
==141042==    by 0x487BC6D: readline_internal_setup (in /usr/lib/x86_64-linux-gnu/libreadline.so.8.2)
==141043== 
==141042==    by 0x48868BA: readline (in /usr/lib/x86_64-linux-gnu/libreadline.so.8.2)
==141042==    by 0x1095DD: minishell_interactive (in /home/radek/42-minishell/minishell)
==141042==    by 0x1096D7: main (in /home/radek/42-minishell/minishell)
==141043== 12 bytes in 1 blocks are still reachable in loss record 11 of 89
==141042== 
==141043==    at 0x4846828: malloc (in /usr/libexec/valgrind/vgpreload_memcheck-amd64-linux.so)
==141042== 1,107 bytes in 1 blocks are still reachable in loss record 41 of 78
==141043==    by 0x496C37E: strdup (strdup.c:42)
==141042==    at 0x4846828: malloc (in /usr/libexec/valgrind/vgpreload_memcheck-amd64-linux.so)
==141043==    by 0x4AD92D0: ??? (in /usr/lib/x86_64-linux-gnu/libtinfo.so.6.4)
==141042==    by 0x4AE966A: _nc_read_termtype (in /usr/lib/x86_64-linux-gnu/libtinfo.so.6.4)
==141043==    by 0x4ADBF9D: _nc_first_db (in /usr/lib/x86_64-linux-gnu/libtinfo.so.6.4)
==141042==    by 0x4AEA5C1: _nc_read_file_entry (in /usr/lib/x86_64-linux-gnu/libtinfo.so.6.4)
==141043==    by 0x4AEAA8A: _nc_read_entry2 (in /usr/lib/x86_64-linux-gnu/libtinfo.so.6.4)
==141042==    by 0x4AEA94C: ??? (in /usr/lib/x86_64-linux-gnu/libtinfo.so.6.4)
==141043==    by 0x4AE6135: ??? (in /usr/lib/x86_64-linux-gnu/libtinfo.so.6.4)
==141042==    by 0x4AEAAB0: _nc_read_entry2 (in /usr/lib/x86_64-linux-gnu/libtinfo.so.6.4)
==141043==    by 0x4AE62C5: _nc_setupterm (in /usr/lib/x86_64-linux-gnu/libtinfo.so.6.4)
==141042==    by 0x4AE6135: ??? (in /usr/lib/x86_64-linux-gnu/libtinfo.so.6.4)
==141043==    by 0x4AE67D6: tgetent_sp (in /usr/lib/x86_64-linux-gnu/libtinfo.so.6.4)
==141042==    by 0x4AE62C5: _nc_setupterm (in /usr/lib/x86_64-linux-gnu/libtinfo.so.6.4)
==141043==    by 0x489ACE4: _rl_init_terminal_io (in /usr/lib/x86_64-linux-gnu/libreadline.so.8.2)
==141042==    by 0x4AE67D6: tgetent_sp (in /usr/lib/x86_64-linux-gnu/libtinfo.so.6.4)
==141043==    by 0x48865D7: rl_initialize (in /usr/lib/x86_64-linux-gnu/libreadline.so.8.2)
==141042==    by 0x489ACE4: _rl_init_terminal_io (in /usr/lib/x86_64-linux-gnu/libreadline.so.8.2)
==141043==    by 0x4886896: readline (in /usr/lib/x86_64-linux-gnu/libreadline.so.8.2)
==141042==    by 0x48865D7: rl_initialize (in /usr/lib/x86_64-linux-gnu/libreadline.so.8.2)
==141043==    by 0x1095DD: minishell_interactive (in /home/radek/42-minishell/minishell)
==141042==    by 0x4886896: readline (in /usr/lib/x86_64-linux-gnu/libreadline.so.8.2)
==141043== 
==141042==    by 0x1095DD: minishell_interactive (in /home/radek/42-minishell/minishell)
==141042== 
==141043== 12 bytes in 1 blocks are still reachable in loss record 12 of 89
==141043==    at 0x4846828: malloc (in /usr/libexec/valgrind/vgpreload_memcheck-amd64-linux.so)
==141042== 1,108 bytes in 1 blocks are still reachable in loss record 42 of 78
==141043==    by 0x489F0EC: xmalloc (in /usr/lib/x86_64-linux-gnu/libreadline.so.8.2)
==141042==    at 0x484D953: calloc (in /usr/libexec/valgrind/vgpreload_memcheck-amd64-linux.so)
==141043==    by 0x489856B: add_history (in /usr/lib/x86_64-linux-gnu/libreadline.so.8.2)
==141042==    by 0x4ADA418: ??? (in /usr/lib/x86_64-linux-gnu/libtinfo.so.6.4)
==141043==    by 0x109637: minishell_interactive (in /home/radek/42-minishell/minishell)
==141042==    by 0x4AE62F7: _nc_setupterm (in /usr/lib/x86_64-linux-gnu/libtinfo.so.6.4)
==141043==    by 0x1096D7: main (in /home/radek/42-minishell/minishell)
==141042==    by 0x4AE67D6: tgetent_sp (in /usr/lib/x86_64-linux-gnu/libtinfo.so.6.4)
==141043== 
==141042==    by 0x489ACE4: _rl_init_terminal_io (in /usr/lib/x86_64-linux-gnu/libreadline.so.8.2)
==141043== 13 bytes in 1 blocks are still reachable in loss record 13 of 89
==141042==    by 0x48865D7: rl_initialize (in /usr/lib/x86_64-linux-gnu/libreadline.so.8.2)
==141043==    at 0x4846828: malloc (in /usr/libexec/valgrind/vgpreload_memcheck-amd64-linux.so)
==141042==    by 0x4886896: readline (in /usr/lib/x86_64-linux-gnu/libreadline.so.8.2)
==141043==    by 0x489F0EC: xmalloc (in /usr/lib/x86_64-linux-gnu/libreadline.so.8.2)
==141042==    by 0x1095DD: minishell_interactive (in /home/radek/42-minishell/minishell)
==141043==    by 0x488CB35: ??? (in /usr/lib/x86_64-linux-gnu/libreadline.so.8.2)
==141042==    by 0x1096D7: main (in /home/radek/42-minishell/minishell)
==141043==    by 0x4886600: rl_initialize (in /usr/lib/x86_64-linux-gnu/libreadline.so.8.2)
==141042== 
==141043==    by 0x4886896: readline (in /usr/lib/x86_64-linux-gnu/libreadline.so.8.2)
==141043==    by 0x1095DD: minishell_interactive (in /home/radek/42-minishell/minishell)
==141042== 1,536 bytes in 1 blocks are still reachable in loss record 43 of 78
==141043==    by 0x1096D7: main (in /home/radek/42-minishell/minishell)
==141042==    at 0x484DB80: realloc (in /usr/libexec/valgrind/vgpreload_memcheck-amd64-linux.so)
==141043== 
==141042==    by 0x489FC81: xrealloc (in /usr/lib/x86_64-linux-gnu/libreadline.so.8.2)
==141043== 14 bytes in 1 blocks are still reachable in loss record 14 of 89
==141042==    by 0x487C017: rl_add_funmap_entry (in /usr/lib/x86_64-linux-gnu/libreadline.so.8.2)
==141043==    at 0x484DB80: realloc (in /usr/libexec/valgrind/vgpreload_memcheck-amd64-linux.so)
==141042==    by 0x487C057: rl_initialize_funmap (in /usr/lib/x86_64-linux-gnu/libreadline.so.8.2)
==141043==    by 0x4ADA9DC: _nc_doalloc (in /usr/lib/x86_64-linux-gnu/libtinfo.so.6.4)
==141042==    by 0x48865F4: rl_initialize (in /usr/lib/x86_64-linux-gnu/libreadline.so.8.2)
==141043==    by 0x4AE3657: _nc_tiparm (in /usr/lib/x86_64-linux-gnu/libtinfo.so.6.4)
==141042==    by 0x4886896: readline (in /usr/lib/x86_64-linux-gnu/libreadline.so.8.2)
==141043==    by 0x4AE9F4F: ??? (in /usr/lib/x86_64-linux-gnu/libtinfo.so.6.4)
==141042==    by 0x1095DD: minishell_interactive (in /home/radek/42-minishell/minishell)
==141043==    by 0x4AE9FD9: _nc_trim_sgr0 (in /usr/lib/x86_64-linux-gnu/libtinfo.so.6.4)
==141042==    by 0x1096D7: main (in /home/radek/42-minishell/minishell)
==141043==    by 0x4AE69B7: tgetent_sp (in /usr/lib/x86_64-linux-gnu/libtinfo.so.6.4)
==141042== 
==141043==    by 0x489ACE4: _rl_init_terminal_io (in /usr/lib/x86_64-linux-gnu/libreadline.so.8.2)
==141043==    by 0x48865D7: rl_initialize (in /usr/lib/x86_64-linux-gnu/libreadline.so.8.2)
==141042== 1,664 bytes in 1 blocks are still reachable in loss record 44 of 78
==141043==    by 0x4886896: readline (in /usr/lib/x86_64-linux-gnu/libreadline.so.8.2)
==141042==    at 0x4846828: malloc (in /usr/libexec/valgrind/vgpreload_memcheck-amd64-linux.so)
==141043==    by 0x1095DD: minishell_interactive (in /home/radek/42-minishell/minishell)
