==141042==    by 0x4AE8CFD: _nc_read_termtype (in /usr/lib/x86_64-linux-gnu/libtinfo.so.6.4)
==141043==    by 0x1096D7: main (in /home/radek/42-minishell/minishell)
==141042==    by 0x4AEA5C1: _nc_read_file_entry (in /usr/lib/x86_64-linux-gnu/libtinfo.so.6.4)
==141043== 
==141042==    by 0x4AEA94C: ??? (in /usr/lib/x86_64-linux-gnu/libtinfo.so.6.4)
==141043== 15 bytes in 1 blocks are still reachable in loss record 15 of 89
==141042==    by 0x4AEAAB0: _nc_read_entry2 (in /usr/lib/x86_64-linux-gnu/libtinfo.so.6.4)
==141043==    at 0x4846828: malloc (in /usr/libexec/valgrind/vgpreload_memcheck-amd64-linux.so)
==141042==    by 0x4AE6135: ??? (in /usr/lib/x86_64-linux-gnu/libtinfo.so.6.4)
==141043==    by 0x496C37E: strdup (strdup.c:42)
==141042==    by 0x4AE62C5: _nc_setupterm (in /usr/lib/x86_64-linux-gnu/libtinfo.so.6.4)
==141043==    by 0x4AE6328: _nc_setupterm (in /usr/lib/x86_64-linux-gnu/libtinfo.so.6.4)
==141042==    by 0x4AE67D6: tgetent_sp (in /usr/lib/x86_64-linux-gnu/libtinfo.so.6.4)
==141043==    by 0x4AE67D6: tgetent_sp (in /usr/lib/x86_64-linux-gnu/libtinfo.so.6.4)
==141042==    by 0x489ACE4: _rl_init_terminal_io (in /usr/lib/x86_64-linux-gnu/libreadline.so.8.2)
==141043==    by 0x489ACE4: _rl_init_terminal_io (in /usr/lib/x86_64-linux-gnu/libreadline.so.8.2)
==141042==    by 0x48865D7: rl_initialize (in /usr/lib/x86_64-linux-gnu/libreadline.so.8.2)
==141043==    by 0x48865D7: rl_initialize (in /usr/lib/x86_64-linux-gnu/libreadline.so.8.2)
==141042==    by 0x4886896: readline (in /usr/lib/x86_64-linux-gnu/libreadline.so.8.2)
==141043==    by 0x4886896: readline (in /usr/lib/x86_64-linux-gnu/libreadline.so.8.2)
==141042==    by 0x1095DD: minishell_interactive (in /home/radek/42-minishell/minishell)
==141043==    by 0x1095DD: minishell_interactive (in /home/radek/42-minishell/minishell)
==141042== 
==141043==    by 0x1096D7: main (in /home/radek/42-minishell/minishell)
==141043== 
==141042== 2,032 bytes in 1 blocks are still reachable in loss record 45 of 78
==141043== 16 bytes in 1 blocks are still reachable in loss record 16 of 89
==141042==    at 0x4846828: malloc (in /usr/libexec/valgrind/vgpreload_memcheck-amd64-linux.so)
==141043==    at 0x4846828: malloc (in /usr/libexec/valgrind/vgpreload_memcheck-amd64-linux.so)
==141042==    by 0x489F0EC: xmalloc (in /usr/lib/x86_64-linux-gnu/libreadline.so.8.2)
==141043==    by 0x48866F1: rl_initialize (in /usr/lib/x86_64-linux-gnu/libreadline.so.8.2)
==141042==    by 0x489AF69: _rl_init_terminal_io (in /usr/lib/x86_64-linux-gnu/libreadline.so.8.2)
==141043==    by 0x4886896: readline (in /usr/lib/x86_64-linux-gnu/libreadline.so.8.2)
==141042==    by 0x48865D7: rl_initialize (in /usr/lib/x86_64-linux-gnu/libreadline.so.8.2)
==141043==    by 0x1095DD: minishell_interactive (in /home/radek/42-minishell/minishell)
==141042==    by 0x4886896: readline (in /usr/lib/x86_64-linux-gnu/libreadline.so.8.2)
==141043==    by 0x1096D7: main (in /home/radek/42-minishell/minishell)
==141042==    by 0x1095DD: minishell_interactive (in /home/radek/42-minishell/minishell)
==141043== 
==141042==    by 0x1096D7: main (in /home/radek/42-minishell/minishell)
==141043== 20 bytes in 1 blocks are still reachable in loss record 17 of 89
==141042== 
==141043==    at 0x4846828: malloc (in /usr/libexec/valgrind/vgpreload_memcheck-amd64-linux.so)
==141042== 2,272 bytes in 142 blocks are still reachable in loss record 46 of 78
==141043==    by 0x489F0EC: xmalloc (in /usr/lib/x86_64-linux-gnu/libreadline.so.8.2)
==141042==    at 0x4846828: malloc (in /usr/libexec/valgrind/vgpreload_memcheck-amd64-linux.so)
==141043==    by 0x4889B93: ??? (in /usr/lib/x86_64-linux-gnu/libreadline.so.8.2)
==141042==    by 0x489F0EC: xmalloc (in /usr/lib/x86_64-linux-gnu/libreadline.so.8.2)
==141043==    by 0x488C6AB: rl_parse_and_bind (in /usr/lib/x86_64-linux-gnu/libreadline.so.8.2)
==141042==    by 0x487BFD0: rl_add_funmap_entry (in /usr/lib/x86_64-linux-gnu/libreadline.so.8.2)
==141042==    by 0x487C057: rl_initialize_funmap (in /usr/lib/x86_64-linux-gnu/libreadline.so.8.2)
==141042==    by 0x48865F4: rl_initialize (in /usr/lib/x86_64-linux-gnu/libreadline.so.8.2)
==141042==    by 0x4886896: readline (in /usr/lib/x86_64-linux-gnu/libreadline.so.8.2)
==141043==    by 0x488CAAB: ??? (in /usr/lib/x86_64-linux-gnu/libreadline.so.8.2)
==141042==    by 0x1095DD: minishell_interactive (in /home/radek/42-minishell/minishell)
==141043==    by 0x4886600: rl_initialize (in /usr/lib/x86_64-linux-gnu/libreadline.so.8.2)
==141042==    by 0x1096D7: main (in /home/radek/42-minishell/minishell)
==141043==    by 0x4886896: readline (in /usr/lib/x86_64-linux-gnu/libreadline.so.8.2)
==141042== 
==141043==    by 0x1095DD: minishell_interactive (in /home/radek/42-minishell/minishell)
==141043==    by 0x1096D7: main (in /home/radek/42-minishell/minishell)
==141042== 2,337 bytes in 1 blocks are still reachable in loss record 47 of 78
==141043== 
==141042==    at 0x4846828: malloc (in /usr/libexec/valgrind/vgpreload_memcheck-amd64-linux.so)
==141042==    by 0x4ADA210: ??? (in /usr/lib/x86_64-linux-gnu/libtinfo.so.6.4)
==141043== 23 bytes in 1 blocks are still reachable in loss record 18 of 89
==141042==    by 0x4AE62F7: _nc_setupterm (in /usr/lib/x86_64-linux-gnu/libtinfo.so.6.4)
==141043==    at 0x4846828: malloc (in /usr/libexec/valgrind/vgpreload_memcheck-amd64-linux.so)
==141043==    by 0x489F0EC: xmalloc (in /usr/lib/x86_64-linux-gnu/libreadline.so.8.2)
==141043==    by 0x487BE37: readline_internal_teardown (in /usr/lib/x86_64-linux-gnu/libreadline.so.8.2)
==141042==    by 0x4AE67D6: tgetent_sp (in /usr/lib/x86_64-linux-gnu/libtinfo.so.6.4)
==141043==    by 0x48868EA: readline (in /usr/lib/x86_64-linux-gnu/libreadline.so.8.2)
==141042==    by 0x489ACE4: _rl_init_terminal_io (in /usr/lib/x86_64-linux-gnu/libreadline.so.8.2)
==141043==    by 0x1095DD: minishell_interactive (in /home/radek/42-minishell/minishell)
==141042==    by 0x48865D7: rl_initialize (in /usr/lib/x86_64-linux-gnu/libreadline.so.8.2)
==141043==    by 0x1096D7: main (in /home/radek/42-minishell/minishell)
==141042==    by 0x4886896: readline (in /usr/lib/x86_64-linux-gnu/libreadline.so.8.2)
==141043== 
==141042==    by 0x1095DD: minishell_interactive (in /home/radek/42-minishell/minishell)
==141042==    by 0x1096D7: main (in /home/radek/42-minishell/minishell)
==141043== 23 bytes in 1 blocks are still reachable in loss record 19 of 89
==141042== 
==141043==    at 0x4846828: malloc (in /usr/libexec/valgrind/vgpreload_memcheck-amd64-linux.so)
==141042== 4,000 bytes in 1 blocks are still reachable in loss record 48 of 78
==141043==    by 0x489F0EC: xmalloc (in /usr/lib/x86_64-linux-gnu/libreadline.so.8.2)
==141042==    at 0x484DB80: realloc (in /usr/libexec/valgrind/vgpreload_memcheck-amd64-linux.so)
==141043==    by 0x4895C9A: alloc_history_entry (in /usr/lib/x86_64-linux-gnu/libreadline.so.8.2)
==141042==    by 0x4ADA9DC: _nc_doalloc (in /usr/lib/x86_64-linux-gnu/libtinfo.so.6.4)
==141043==    by 0x48985AF: add_history (in /usr/lib/x86_64-linux-gnu/libreadline.so.8.2)
==141042==    by 0x4AE94E4: _nc_read_termtype (in /usr/lib/x86_64-linux-gnu/libtinfo.so.6.4)
==141043==    by 0x109637: minishell_interactive (in /home/radek/42-minishell/minishell)
==141042==    by 0x4AEA5C1: _nc_read_file_entry (in /usr/lib/x86_64-linux-gnu/libtinfo.so.6.4)
==141043==    by 0x1096D7: main (in /home/radek/42-minishell/minishell)
==141042==    by 0x4AEA94C: ??? (in /usr/lib/x86_64-linux-gnu/libtinfo.so.6.4)
==141043== 
==141042==    by 0x4AEAAB0: _nc_read_entry2 (in /usr/lib/x86_64-linux-gnu/libtinfo.so.6.4)
==141042==    by 0x4AE6135: ??? (in /usr/lib/x86_64-linux-gnu/libtinfo.so.6.4)
==141043== 23 bytes in 2 blocks are still reachable in loss record 20 of 89
==141042==    by 0x4AE62C5: _nc_setupterm (in /usr/lib/x86_64-linux-gnu/libtinfo.so.6.4)
==141043==    at 0x4846828: malloc (in /usr/libexec/valgrind/vgpreload_memcheck-amd64-linux.so)
==141043==    by 0x10E1CE: ft_strjoin (in /home/radek/42-minishell/minishell)
==141043==    by 0x10CAB4: get_cmds (in /home/radek/42-minishell/minishell)
==141042==    by 0x4AE67D6: tgetent_sp (in /usr/lib/x86_64-linux-gnu/libtinfo.so.6.4)
==141043==    by 0x10B8D3: start_pipes (in /home/radek/42-minishell/minishell)
==141042==    by 0x489ACE4: _rl_init_terminal_io (in /usr/lib/x86_64-linux-gnu/libreadline.so.8.2)
==141043==    by 0x10B991: start_execution (in /home/radek/42-minishell/minishell)
==141042==    by 0x48865D7: rl_initialize (in /usr/lib/x86_64-linux-gnu/libreadline.so.8.2)
==141043==    by 0x109B9E: input_handler (in /home/radek/42-minishell/minishell)
==141042==    by 0x4886896: readline (in /usr/lib/x86_64-linux-gnu/libreadline.so.8.2)
==141043==    by 0x109643: minishell_interactive (in /home/radek/42-minishell/minishell)
==141042== 
==141043==    by 0x1096D7: main (in /home/radek/42-minishell/minishell)
==141043== 
==141042== 4,000 bytes in 1 blocks are still reachable in loss record 49 of 78
==141042==    at 0x4846828: malloc (in /usr/libexec/valgrind/vgpreload_memcheck-amd64-linux.so)
==141043== 23 bytes in 5 blocks are still reachable in loss record 21 of 89
==141042==    by 0x4ADA021: ??? (in /usr/lib/x86_64-linux-gnu/libtinfo.so.6.4)
==141043==    at 0x4846828: malloc (in /usr/libexec/valgrind/vgpreload_memcheck-amd64-linux.so)
==141042==    by 0x4AE62F7: _nc_setupterm (in /usr/lib/x86_64-linux-gnu/libtinfo.so.6.4)
==141043==    by 0x10E03B: ft_strdup (in /home/radek/42-minishell/minishell)
==141042==    by 0x4AE67D6: tgetent_sp (in /usr/lib/x86_64-linux-gnu/libtinfo.so.6.4)
==141043==    by 0x109C99: create_node (in /home/radek/42-minishell/minishell)
==141042==    by 0x489ACE4: _rl_init_terminal_io (in /usr/lib/x86_64-linux-gnu/libreadline.so.8.2)
==141043==    by 0x109CE5: add_node (in /home/radek/42-minishell/minishell)
==141042==    by 0x48865D7: rl_initialize (in /usr/lib/x86_64-linux-gnu/libreadline.so.8.2)
==141043==    by 0x109A7A: read_tokens (in /home/radek/42-minishell/minishell)
==141042==    by 0x4886896: readline (in /usr/lib/x86_64-linux-gnu/libreadline.so.8.2)
==141043==    by 0x109AC3: input_handler (in /home/radek/42-minishell/minishell)
==141042==    by 0x1095DD: minishell_interactive (in /home/radek/42-minishell/minishell)
==141043==    by 0x109643: minishell_interactive (in /home/radek/42-minishell/minishell)
==141042==    by 0x1096D7: main (in /home/radek/42-minishell/minishell)
==141043==    by 0x1096D7: main (in /home/radek/42-minishell/minishell)
==141042== 
==141043== 
==141042== 4,016 bytes in 1 blocks are still reachable in loss record 50 of 78
==141042==    at 0x4846828: malloc (in /usr/libexec/valgrind/vgpreload_memcheck-amd64-linux.so)
==141043== 24 bytes in 1 blocks are still reachable in loss record 22 of 89
==141042==    by 0x489F0EC: xmalloc (in /usr/lib/x86_64-linux-gnu/libreadline.so.8.2)
==141043==    at 0x4846828: malloc (in /usr/libexec/valgrind/vgpreload_memcheck-amd64-linux.so)
==141042==    by 0x489861F: add_history (in /usr/lib/x86_64-linux-gnu/libreadline.so.8.2)
==141043==    by 0x4ADB997: _nc_home_terminfo (in /usr/lib/x86_64-linux-gnu/libtinfo.so.6.4)
==141042==    by 0x109637: minishell_interactive (in /home/radek/42-minishell/minishell)
==141043==    by 0x4ADBF88: _nc_first_db (in /usr/lib/x86_64-linux-gnu/libtinfo.so.6.4)
==141042==    by 0x1096D7: main (in /home/radek/42-minishell/minishell)
==141043==    by 0x4AEAA8A: _nc_read_entry2 (in /usr/lib/x86_64-linux-gnu/libtinfo.so.6.4)
==141042== 
==141043==    by 0x4AE6135: ??? (in /usr/lib/x86_64-linux-gnu/libtinfo.so.6.4)
==141042== 4,080 bytes in 1 blocks are still reachable in loss record 51 of 78
==141043==    by 0x4AE62C5: _nc_setupterm (in /usr/lib/x86_64-linux-gnu/libtinfo.so.6.4)
==141042==    at 0x4846828: malloc (in /usr/libexec/valgrind/vgpreload_memcheck-amd64-linux.so)
==141043==    by 0x4AE67D6: tgetent_sp (in /usr/lib/x86_64-linux-gnu/libtinfo.so.6.4)
==141042==    by 0x489F0EC: xmalloc (in /usr/lib/x86_64-linux-gnu/libreadline.so.8.2)
==141043==    by 0x489ACE4: _rl_init_terminal_io (in /usr/lib/x86_64-linux-gnu/libreadline.so.8.2)
==141042==    by 0x489AF49: _rl_init_terminal_io (in /usr/lib/x86_64-linux-gnu/libreadline.so.8.2)
==141043==    by 0x48865D7: rl_initialize (in /usr/lib/x86_64-linux-gnu/libreadline.so.8.2)
==141042==    by 0x48865D7: rl_initialize (in /usr/lib/x86_64-linux-gnu/libreadline.so.8.2)
==141043==    by 0x4886896: readline (in /usr/lib/x86_64-linux-gnu/libreadline.so.8.2)
==141042==    by 0x4886896: readline (in /usr/lib/x86_64-linux-gnu/libreadline.so.8.2)
==141043==    by 0x1095DD: minishell_interactive (in /home/radek/42-minishell/minishell)
==141042==    by 0x1095DD: minishell_interactive (in /home/radek/42-minishell/minishell)
==141043==    by 0x1096D7: main (in /home/radek/42-minishell/minishell)
==141042==    by 0x1096D7: main (in /home/radek/42-minishell/minishell)
==141043== 
==141042== 
==141042== 4,112 bytes in 1 blocks are still reachable in loss record 52 of 78
==141043== 24 bytes in 1 blocks are still reachable in loss record 23 of 89
==141042==    at 0x4846828: malloc (in /usr/libexec/valgrind/vgpreload_memcheck-amd64-linux.so)
==141043==    at 0x4846828: malloc (in /usr/libexec/valgrind/vgpreload_memcheck-amd64-linux.so)
==141042==    by 0x489F0EC: xmalloc (in /usr/lib/x86_64-linux-gnu/libreadline.so.8.2)
==141043==    by 0x49E0510: tsearch (tsearch.c:337)
==141042==    by 0x487A4E1: rl_make_bare_keymap (in /usr/lib/x86_64-linux-gnu/libreadline.so.8.2)
==141043==    by 0x4ADE6C7: ??? (in /usr/lib/x86_64-linux-gnu/libtinfo.so.6.4)
==141042==    by 0x487B398: rl_generic_bind (in /usr/lib/x86_64-linux-gnu/libreadline.so.8.2)
==141043==    by 0x4AE3278: _nc_tiparm (in /usr/lib/x86_64-linux-gnu/libtinfo.so.6.4)
==141042==    by 0x4886315: rl_bind_keyseq_if_unbound_in_map (in /usr/lib/x86_64-linux-gnu/libreadline.so.8.2)
==141043==    by 0x4AE9F4F: ??? (in /usr/lib/x86_64-linux-gnu/libtinfo.so.6.4)
==141042==    by 0x489A7E6: ??? (in /usr/lib/x86_64-linux-gnu/libreadline.so.8.2)
==141043==    by 0x4AE9FD9: _nc_trim_sgr0 (in /usr/lib/x86_64-linux-gnu/libtinfo.so.6.4)
==141042==    by 0x489AE24: _rl_init_terminal_io (in /usr/lib/x86_64-linux-gnu/libreadline.so.8.2)
==141043==    by 0x4AE69B7: tgetent_sp (in /usr/lib/x86_64-linux-gnu/libtinfo.so.6.4)
==141042==    by 0x48865D7: rl_initialize (in /usr/lib/x86_64-linux-gnu/libreadline.so.8.2)
==141043==    by 0x489ACE4: _rl_init_terminal_io (in /usr/lib/x86_64-linux-gnu/libreadline.so.8.2)
==141042==    by 0x4886896: readline (in /usr/lib/x86_64-linux-gnu/libreadline.so.8.2)
==141043==    by 0x48865D7: rl_initialize (in /usr/lib/x86_64-linux-gnu/libreadline.so.8.2)
==141042==    by 0x1095DD: minishell_interactive (in /home/radek/42-minishell/minishell)
==141043==    by 0x4886896: readline (in /usr/lib/x86_64-linux-gnu/libreadline.so.8.2)
==141042==    by 0x1096D7: main (in /home/radek/42-minishell/minishell)
==141043==    by 0x1095DD: minishell_interactive (in /home/radek/42-minishell/minishell)
==141042== 
==141043==    by 0x1096D7: main (in /home/radek/42-minishell/minishell)
==141043== 
==141042== 4,112 bytes in 1 blocks are still reachable in loss record 53 of 78
==141042==    at 0x4846828: malloc (in /usr/libexec/valgrind/vgpreload_memcheck-amd64-linux.so)
==141042==    by 0x489F0EC: xmalloc (in /usr/lib/x86_64-linux-gnu/libreadline.so.8.2)
==141042==    by 0x487A4E1: rl_make_bare_keymap (in /usr/lib/x86_64-linux-gnu/libreadline.so.8.2)
==141042==    by 0x487B398: rl_generic_bind (in /usr/lib/x86_64-linux-gnu/libreadline.so.8.2)
==141043== 24 bytes in 1 blocks are still reachable in loss record 24 of 89
==141042==    by 0x4886315: rl_bind_keyseq_if_unbound_in_map (in /usr/lib/x86_64-linux-gnu/libreadline.so.8.2)
==141043==    at 0x4846828: malloc (in /usr/libexec/valgrind/vgpreload_memcheck-amd64-linux.so)
==141042==    by 0x489A86B: ??? (in /usr/lib/x86_64-linux-gnu/libreadline.so.8.2)
==141043==    by 0x489F0EC: xmalloc (in /usr/lib/x86_64-linux-gnu/libreadline.so.8.2)
==141042==    by 0x489AE24: _rl_init_terminal_io (in /usr/lib/x86_64-linux-gnu/libreadline.so.8.2)
==141043==    by 0x4895C7E: alloc_history_entry (in /usr/lib/x86_64-linux-gnu/libreadline.so.8.2)
==141042==    by 0x48865D7: rl_initialize (in /usr/lib/x86_64-linux-gnu/libreadline.so.8.2)
==141043==    by 0x48985AF: add_history (in /usr/lib/x86_64-linux-gnu/libreadline.so.8.2)
==141042==    by 0x4886896: readline (in /usr/lib/x86_64-linux-gnu/libreadline.so.8.2)
==141043==    by 0x109637: minishell_interactive (in /home/radek/42-minishell/minishell)
==141042==    by 0x1095DD: minishell_interactive (in /home/radek/42-minishell/minishell)
==141043==    by 0x1096D7: main (in /home/radek/42-minishell/minishell)
==141042==    by 0x1096D7: main (in /home/radek/42-minishell/minishell)
==141043== 
==141042== 
==141043== 24 bytes in 1 blocks are still reachable in loss record 25 of 89
==141042== 4,112 bytes in 1 blocks are still reachable in loss record 54 of 78
==141043==    at 0x4846828: malloc (in /usr/libexec/valgrind/vgpreload_memcheck-amd64-linux.so)
==141042==    at 0x4846828: malloc (in /usr/libexec/valgrind/vgpreload_memcheck-amd64-linux.so)
==141043==    by 0x10DFC4: ft_calloc (in /home/radek/42-minishell/minishell)
==141042==    by 0x489F0EC: xmalloc (in /usr/lib/x86_64-linux-gnu/libreadline.so.8.2)
==141043==    by 0x10C9EF: get_cmds (in /home/radek/42-minishell/minishell)
==141042==    by 0x487A4E1: rl_make_bare_keymap (in /usr/lib/x86_64-linux-gnu/libreadline.so.8.2)
==141043==    by 0x10B8D3: start_pipes (in /home/radek/42-minishell/minishell)
==141042==    by 0x487B398: rl_generic_bind (in /usr/lib/x86_64-linux-gnu/libreadline.so.8.2)
==141043==    by 0x10B991: start_execution (in /home/radek/42-minishell/minishell)
==141042==    by 0x4886315: rl_bind_keyseq_if_unbound_in_map (in /usr/lib/x86_64-linux-gnu/libreadline.so.8.2)
==141043==    by 0x109B9E: input_handler (in /home/radek/42-minishell/minishell)
==141042==    by 0x489A87E: ??? (in /usr/lib/x86_64-linux-gnu/libreadline.so.8.2)
==141043==    by 0x109643: minishell_interactive (in /home/radek/42-minishell/minishell)
==141042==    by 0x489AE24: _rl_init_terminal_io (in /usr/lib/x86_64-linux-gnu/libreadline.so.8.2)
==141043==    by 0x1096D7: main (in /home/radek/42-minishell/minishell)
==141042==    by 0x48865D7: rl_initialize (in /usr/lib/x86_64-linux-gnu/libreadline.so.8.2)
==141043== 
==141042==    by 0x4886896: readline (in /usr/lib/x86_64-linux-gnu/libreadline.so.8.2)
==141042==    by 0x1095DD: minishell_interactive (in /home/radek/42-minishell/minishell)
==141043== 47 bytes in 1 blocks are still reachable in loss record 26 of 89
==141042==    by 0x1096D7: main (in /home/radek/42-minishell/minishell)
==141042== 
==141043==    at 0x484DB80: realloc (in /usr/libexec/valgrind/vgpreload_memcheck-amd64-linux.so)
==141042== 4,112 bytes in 1 blocks are still reachable in loss record 55 of 78
==141043==    by 0x4ADA9DC: _nc_doalloc (in /usr/lib/x86_64-linux-gnu/libtinfo.so.6.4)
==141042==    at 0x4846828: malloc (in /usr/libexec/valgrind/vgpreload_memcheck-amd64-linux.so)
==141043==    by 0x4AE94A8: _nc_read_termtype (in /usr/lib/x86_64-linux-gnu/libtinfo.so.6.4)
==141042==    by 0x489F0EC: xmalloc (in /usr/lib/x86_64-linux-gnu/libreadline.so.8.2)
==141043==    by 0x4AEA5C1: _nc_read_file_entry (in /usr/lib/x86_64-linux-gnu/libtinfo.so.6.4)
==141042==    by 0x487A4E1: rl_make_bare_keymap (in /usr/lib/x86_64-linux-gnu/libreadline.so.8.2)
==141043==    by 0x4AEA94C: ??? (in /usr/lib/x86_64-linux-gnu/libtinfo.so.6.4)
==141042==    by 0x487B398: rl_generic_bind (in /usr/lib/x86_64-linux-gnu/libreadline.so.8.2)
==141043==    by 0x4AEAAB0: _nc_read_entry2 (in /usr/lib/x86_64-linux-gnu/libtinfo.so.6.4)
==141042==    by 0x4886315: rl_bind_keyseq_if_unbound_in_map (in /usr/lib/x86_64-linux-gnu/libreadline.so.8.2)
==141043==    by 0x4AE6135: ??? (in /usr/lib/x86_64-linux-gnu/libtinfo.so.6.4)
==141042==    by 0x489A891: ??? (in /usr/lib/x86_64-linux-gnu/libreadline.so.8.2)
==141043==    by 0x4AE62C5: _nc_setupterm (in /usr/lib/x86_64-linux-gnu/libtinfo.so.6.4)
==141042==    by 0x489AE24: _rl_init_terminal_io (in /usr/lib/x86_64-linux-gnu/libreadline.so.8.2)
==141043==    by 0x4AE67D6: tgetent_sp (in /usr/lib/x86_64-linux-gnu/libtinfo.so.6.4)
==141042==    by 0x48865D7: rl_initialize (in /usr/lib/x86_64-linux-gnu/libreadline.so.8.2)
==141043==    by 0x489ACE4: _rl_init_terminal_io (in /usr/lib/x86_64-linux-gnu/libreadline.so.8.2)
==141042==    by 0x4886896: readline (in /usr/lib/x86_64-linux-gnu/libreadline.so.8.2)
==141043==    by 0x48865D7: rl_initialize (in /usr/lib/x86_64-linux-gnu/libreadline.so.8.2)
==141042==    by 0x1095DD: minishell_interactive (in /home/radek/42-minishell/minishell)
==141043==    by 0x4886896: readline (in /usr/lib/x86_64-linux-gnu/libreadline.so.8.2)
==141042==    by 0x1096D7: main (in /home/radek/42-minishell/minishell)
==141043== 
==141042== 
==141042== 4,112 bytes in 1 blocks are still reachable in loss record 56 of 78
==141043== 47 bytes in 1 blocks are still reachable in loss record 27 of 89
==141042==    at 0x4846828: malloc (in /usr/libexec/valgrind/vgpreload_memcheck-amd64-linux.so)
==141043==    at 0x4846828: malloc (in /usr/libexec/valgrind/vgpreload_memcheck-amd64-linux.so)
==141042==    by 0x489F0EC: xmalloc (in /usr/lib/x86_64-linux-gnu/libreadline.so.8.2)
==141043==    by 0x4ADA000: ??? (in /usr/lib/x86_64-linux-gnu/libtinfo.so.6.4)
==141042==    by 0x487A4E1: rl_make_bare_keymap (in /usr/lib/x86_64-linux-gnu/libreadline.so.8.2)
==141043==    by 0x4AE62F7: _nc_setupterm (in /usr/lib/x86_64-linux-gnu/libtinfo.so.6.4)
==141042==    by 0x487B398: rl_generic_bind (in /usr/lib/x86_64-linux-gnu/libreadline.so.8.2)
==141043==    by 0x4AE67D6: tgetent_sp (in /usr/lib/x86_64-linux-gnu/libtinfo.so.6.4)
==141042==    by 0x4886315: rl_bind_keyseq_if_unbound_in_map (in /usr/lib/x86_64-linux-gnu/libreadline.so.8.2)
==141043==    by 0x489ACE4: _rl_init_terminal_io (in /usr/lib/x86_64-linux-gnu/libreadline.so.8.2)
==141042==    by 0x489A86B: ??? (in /usr/lib/x86_64-linux-gnu/libreadline.so.8.2)
==141043==    by 0x48865D7: rl_initialize (in /usr/lib/x86_64-linux-gnu/libreadline.so.8.2)
==141042==    by 0x489AE30: _rl_init_terminal_io (in /usr/lib/x86_64-linux-gnu/libreadline.so.8.2)
==141043==    by 0x4886896: readline (in /usr/lib/x86_64-linux-gnu/libreadline.so.8.2)
==141042==    by 0x48865D7: rl_initialize (in /usr/lib/x86_64-linux-gnu/libreadline.so.8.2)
==141043==    by 0x1095DD: minishell_interactive (in /home/radek/42-minishell/minishell)
==141042==    by 0x4886896: readline (in /usr/lib/x86_64-linux-gnu/libreadline.so.8.2)
==141043==    by 0x1096D7: main (in /home/radek/42-minishell/minishell)
==141042==    by 0x1095DD: minishell_interactive (in /home/radek/42-minishell/minishell)
==141043== 
==141042==    by 0x1096D7: main (in /home/radek/42-minishell/minishell)
==141042== 
==141043== 48 bytes in 1 blocks are still reachable in loss record 28 of 89
==141042== 4,112 bytes in 1 blocks are still reachable in loss record 57 of 78
==141043==    at 0x484D953: calloc (in /usr/libexec/valgrind/vgpreload_memcheck-amd64-linux.so)
==141042==    at 0x4846828: malloc (in /usr/libexec/valgrind/vgpreload_memcheck-amd64-linux.so)
==141043==    by 0x4ADBB9B: _nc_first_db (in /usr/lib/x86_64-linux-gnu/libtinfo.so.6.4)
==141042==    by 0x489F0EC: xmalloc (in /usr/lib/x86_64-linux-gnu/libreadline.so.8.2)
==141043==    by 0x4AEAA8A: _nc_read_entry2 (in /usr/lib/x86_64-linux-gnu/libtinfo.so.6.4)
==141042==    by 0x487A4E1: rl_make_bare_keymap (in /usr/lib/x86_64-linux-gnu/libreadline.so.8.2)
==141043==    by 0x4AE6135: ??? (in /usr/lib/x86_64-linux-gnu/libtinfo.so.6.4)
==141042==    by 0x487B398: rl_generic_bind (in /usr/lib/x86_64-linux-gnu/libreadline.so.8.2)
==141043==    by 0x4AE62C5: _nc_setupterm (in /usr/lib/x86_64-linux-gnu/libtinfo.so.6.4)
==141042==    by 0x4886315: rl_bind_keyseq_if_unbound_in_map (in /usr/lib/x86_64-linux-gnu/libreadline.so.8.2)
==141043==    by 0x4AE67D6: tgetent_sp (in /usr/lib/x86_64-linux-gnu/libtinfo.so.6.4)
==141042==    by 0x489A87E: ??? (in /usr/lib/x86_64-linux-gnu/libreadline.so.8.2)
==141043==    by 0x489ACE4: _rl_init_terminal_io (in /usr/lib/x86_64-linux-gnu/libreadline.so.8.2)
==141042==    by 0x489AE30: _rl_init_terminal_io (in /usr/lib/x86_64-linux-gnu/libreadline.so.8.2)
==141043==    by 0x48865D7: rl_initialize (in /usr/lib/x86_64-linux-gnu/libreadline.so.8.2)
==141042==    by 0x48865D7: rl_initialize (in /usr/lib/x86_64-linux-gnu/libreadline.so.8.2)
==141043==    by 0x4886896: readline (in /usr/lib/x86_64-linux-gnu/libreadline.so.8.2)
==141042==    by 0x4886896: readline (in /usr/lib/x86_64-linux-gnu/libreadline.so.8.2)
==141043==    by 0x1095DD: minishell_interactive (in /home/radek/42-minishell/minishell)
==141042==    by 0x1095DD: minishell_interactive (in /home/radek/42-minishell/minishell)
==141043==    by 0x1096D7: main (in /home/radek/42-minishell/minishell)
==141042==    by 0x1096D7: main (in /home/radek/42-minishell/minishell)
==141043== 
==141042== 
==141043== 78 bytes in 1 blocks are still reachable in loss record 29 of 89
==141043==    at 0x4846828: malloc (in /usr/libexec/valgrind/vgpreload_memcheck-amd64-linux.so)
==141043==    by 0x4ADA129: ??? (in /usr/lib/x86_64-linux-gnu/libtinfo.so.6.4)
==141043==    by 0x4AE62F7: _nc_setupterm (in /usr/lib/x86_64-linux-gnu/libtinfo.so.6.4)
==141042== 4,112 bytes in 1 blocks are still reachable in loss record 58 of 78
==141043==    by 0x4AE67D6: tgetent_sp (in /usr/lib/x86_64-linux-gnu/libtinfo.so.6.4)
==141042==    at 0x4846828: malloc (in /usr/libexec/valgrind/vgpreload_memcheck-amd64-linux.so)
==141043==    by 0x489ACE4: _rl_init_terminal_io (in /usr/lib/x86_64-linux-gnu/libreadline.so.8.2)
==141042==    by 0x489F0EC: xmalloc (in /usr/lib/x86_64-linux-gnu/libreadline.so.8.2)
==141043==    by 0x48865D7: rl_initialize (in /usr/lib/x86_64-linux-gnu/libreadline.so.8.2)
==141042==    by 0x487A4E1: rl_make_bare_keymap (in /usr/lib/x86_64-linux-gnu/libreadline.so.8.2)
==141043==    by 0x4886896: readline (in /usr/lib/x86_64-linux-gnu/libreadline.so.8.2)
==141042==    by 0x487B398: rl_generic_bind (in /usr/lib/x86_64-linux-gnu/libreadline.so.8.2)
==141043==    by 0x1095DD: minishell_interactive (in /home/radek/42-minishell/minishell)
==141042==    by 0x4886315: rl_bind_keyseq_if_unbound_in_map (in /usr/lib/x86_64-linux-gnu/libreadline.so.8.2)
==141043==    by 0x1096D7: main (in /home/radek/42-minishell/minishell)
==141042==    by 0x489A891: ??? (in /usr/lib/x86_64-linux-gnu/libreadline.so.8.2)
==141043== 
==141042==    by 0x489AE30: _rl_init_terminal_io (in /usr/lib/x86_64-linux-gnu/libreadline.so.8.2)
==141042==    by 0x48865D7: rl_initialize (in /usr/lib/x86_64-linux-gnu/libreadline.so.8.2)
==141043== 80 bytes in 2 blocks are still reachable in loss record 30 of 89
==141042==    by 0x4886896: readline (in /usr/lib/x86_64-linux-gnu/libreadline.so.8.2)
==141043==    at 0x4846828: malloc (in /usr/libexec/valgrind/vgpreload_memcheck-amd64-linux.so)
==141042==    by 0x1095DD: minishell_interactive (in /home/radek/42-minishell/minishell)
==141043==    by 0x109C60: create_node (in /home/radek/42-minishell/minishell)
==141042==    by 0x1096D7: main (in /home/radek/42-minishell/minishell)
==141043==    by 0x109CE5: add_node (in /home/radek/42-minishell/minishell)
==141042== 
==141043==    by 0x10BD29: argv_to_token_list (in /home/radek/42-minishell/minishell)
==141043==    by 0x10BDFF: exec_cmd (in /home/radek/42-minishell/minishell)
==141042== 4,112 bytes in 1 blocks are still reachable in loss record 59 of 78
==141043==    by 0x10C7CF: child_process (in /home/radek/42-minishell/minishell)
==141042==    at 0x4846828: malloc (in /usr/libexec/valgrind/vgpreload_memcheck-amd64-linux.so)
==141043==    by 0x10B73F: handle_processes (in /home/radek/42-minishell/minishell)
==141042==    by 0x489F0EC: xmalloc (in /usr/lib/x86_64-linux-gnu/libreadline.so.8.2)
==141043==    by 0x10B873: exec_pipes (in /home/radek/42-minishell/minishell)
==141042==    by 0x487A4E1: rl_make_bare_keymap (in /usr/lib/x86_64-linux-gnu/libreadline.so.8.2)
==141043==    by 0x10B8F7: start_pipes (in /home/radek/42-minishell/minishell)
==141042==    by 0x487B398: rl_generic_bind (in /usr/lib/x86_64-linux-gnu/libreadline.so.8.2)
==141043==    by 0x10B991: start_execution (in /home/radek/42-minishell/minishell)
==141042==    by 0x4886315: rl_bind_keyseq_if_unbound_in_map (in /usr/lib/x86_64-linux-gnu/libreadline.so.8.2)
==141043==    by 0x109B9E: input_handler (in /home/radek/42-minishell/minishell)
==141042==    by 0x489A86B: ??? (in /usr/lib/x86_64-linux-gnu/libreadline.so.8.2)
==141043==    by 0x109643: minishell_interactive (in /home/radek/42-minishell/minishell)
==141042==    by 0x489AE3C: _rl_init_terminal_io (in /usr/lib/x86_64-linux-gnu/libreadline.so.8.2)
==141043== 
==141042==    by 0x48865D7: rl_initialize (in /usr/lib/x86_64-linux-gnu/libreadline.so.8.2)
==141042==    by 0x4886896: readline (in /usr/lib/x86_64-linux-gnu/libreadline.so.8.2)
==141043== 93 bytes in 1 blocks are still reachable in loss record 31 of 89
==141042==    by 0x1095DD: minishell_interactive (in /home/radek/42-minishell/minishell)
==141043==    at 0x4846828: malloc (in /usr/libexec/valgrind/vgpreload_memcheck-amd64-linux.so)
==141042==    by 0x1096D7: main (in /home/radek/42-minishell/minishell)
==141043==    by 0x4ADBAFF: _nc_first_db (in /usr/lib/x86_64-linux-gnu/libtinfo.so.6.4)
==141042== 
==141043==    by 0x4AEAA8A: _nc_read_entry2 (in /usr/lib/x86_64-linux-gnu/libtinfo.so.6.4)
==141042== 4,112 bytes in 1 blocks are still reachable in loss record 60 of 78
==141043==    by 0x4AE6135: ??? (in /usr/lib/x86_64-linux-gnu/libtinfo.so.6.4)
==141042==    at 0x4846828: malloc (in /usr/libexec/valgrind/vgpreload_memcheck-amd64-linux.so)
==141043==    by 0x4AE62C5: _nc_setupterm (in /usr/lib/x86_64-linux-gnu/libtinfo.so.6.4)
==141042==    by 0x489F0EC: xmalloc (in /usr/lib/x86_64-linux-gnu/libreadline.so.8.2)
==141043==    by 0x4AE67D6: tgetent_sp (in /usr/lib/x86_64-linux-gnu/libtinfo.so.6.4)
==141042==    by 0x487A4E1: rl_make_bare_keymap (in /usr/lib/x86_64-linux-gnu/libreadline.so.8.2)
==141042==    by 0x487B398: rl_generic_bind (in /usr/lib/x86_64-linux-gnu/libreadline.so.8.2)
==141042==    by 0x4886315: rl_bind_keyseq_if_unbound_in_map (in /usr/lib/x86_64-linux-gnu/libreadline.so.8.2)
==141042==    by 0x489A87E: ??? (in /usr/lib/x86_64-linux-gnu/libreadline.so.8.2)
==141042==    by 0x489AE3C: _rl_init_terminal_io (in /usr/lib/x86_64-linux-gnu/libreadline.so.8.2)
==141043==    by 0x489ACE4: _rl_init_terminal_io (in /usr/lib/x86_64-linux-gnu/libreadline.so.8.2)
==141042==    by 0x48865D7: rl_initialize (in /usr/lib/x86_64-linux-gnu/libreadline.so.8.2)
==141043==    by 0x48865D7: rl_initialize (in /usr/lib/x86_64-linux-gnu/libreadline.so.8.2)
==141042==    by 0x4886896: readline (in /usr/lib/x86_64-linux-gnu/libreadline.so.8.2)
==141043==    by 0x4886896: readline (in /usr/lib/x86_64-linux-gnu/libreadline.so.8.2)
==141042==    by 0x1095DD: minishell_interactive (in /home/radek/42-minishell/minishell)
==141043==    by 0x1095DD: minishell_interactive (in /home/radek/42-minishell/minishell)
==141042==    by 0x1096D7: main (in /home/radek/42-minishell/minishell)
==141043==    by 0x1096D7: main (in /home/radek/42-minishell/minishell)
==141042== 
==141043== 
==141042== 4,112 bytes in 1 blocks are still reachable in loss record 61 of 78
==141042==    at 0x4846828: malloc (in /usr/libexec/valgrind/vgpreload_memcheck-amd64-linux.so)
==141042==    by 0x489F0EC: xmalloc (in /usr/lib/x86_64-linux-gnu/libreadline.so.8.2)
==141043== 93 bytes in 1 blocks are still reachable in loss record 32 of 89
==141042==    by 0x487A4E1: rl_make_bare_keymap (in /usr/lib/x86_64-linux-gnu/libreadline.so.8.2)
==141043==    at 0x4846828: malloc (in /usr/libexec/valgrind/vgpreload_memcheck-amd64-linux.so)
==141042==    by 0x487B398: rl_generic_bind (in /usr/lib/x86_64-linux-gnu/libreadline.so.8.2)
==141043==    by 0x496C37E: strdup (strdup.c:42)
==141042==    by 0x4886315: rl_bind_keyseq_if_unbound_in_map (in /usr/lib/x86_64-linux-gnu/libreadline.so.8.2)
==141043==    by 0x4ADE6A5: ??? (in /usr/lib/x86_64-linux-gnu/libtinfo.so.6.4)
==141042==    by 0x489A891: ??? (in /usr/lib/x86_64-linux-gnu/libreadline.so.8.2)
==141043==    by 0x4AE3278: _nc_tiparm (in /usr/lib/x86_64-linux-gnu/libtinfo.so.6.4)
==141042==    by 0x489AE3C: _rl_init_terminal_io (in /usr/lib/x86_64-linux-gnu/libreadline.so.8.2)
==141043==    by 0x4AE9F4F: ??? (in /usr/lib/x86_64-linux-gnu/libtinfo.so.6.4)
==141042==    by 0x48865D7: rl_initialize (in /usr/lib/x86_64-linux-gnu/libreadline.so.8.2)
==141043==    by 0x4AE9FD9: _nc_trim_sgr0 (in /usr/lib/x86_64-linux-gnu/libtinfo.so.6.4)
==141042==    by 0x4886896: readline (in /usr/lib/x86_64-linux-gnu/libreadline.so.8.2)
==141043==    by 0x4AE69B7: tgetent_sp (in /usr/lib/x86_64-linux-gnu/libtinfo.so.6.4)
==141042==    by 0x1095DD: minishell_interactive (in /home/radek/42-minishell/minishell)
==141043==    by 0x489ACE4: _rl_init_terminal_io (in /usr/lib/x86_64-linux-gnu/libreadline.so.8.2)
==141042==    by 0x1096D7: main (in /home/radek/42-minishell/minishell)
==141043==    by 0x48865D7: rl_initialize (in /usr/lib/x86_64-linux-gnu/libreadline.so.8.2)
==141042== 
==141043==    by 0x4886896: readline (in /usr/lib/x86_64-linux-gnu/libreadline.so.8.2)
==141042== 4,112 bytes in 1 blocks are still reachable in loss record 62 of 78
==141043==    by 0x1095DD: minishell_interactive (in /home/radek/42-minishell/minishell)
==141042==    at 0x4846828: malloc (in /usr/libexec/valgrind/vgpreload_memcheck-amd64-linux.so)
==141043==    by 0x1096D7: main (in /home/radek/42-minishell/minishell)
==141042==    by 0x489F0EC: xmalloc (in /usr/lib/x86_64-linux-gnu/libreadline.so.8.2)
==141043== 
==141042==    by 0x487A4E1: rl_make_bare_keymap (in /usr/lib/x86_64-linux-gnu/libreadline.so.8.2)
==141042==    by 0x487B398: rl_generic_bind (in /usr/lib/x86_64-linux-gnu/libreadline.so.8.2)
==141043== 94 bytes in 1 blocks are still reachable in loss record 33 of 89
==141042==    by 0x4886315: rl_bind_keyseq_if_unbound_in_map (in /usr/lib/x86_64-linux-gnu/libreadline.so.8.2)
==141043==    at 0x4846828: malloc (in /usr/libexec/valgrind/vgpreload_memcheck-amd64-linux.so)
==141042==    by 0x488650E: ??? (in /usr/lib/x86_64-linux-gnu/libreadline.so.8.2)
==141043==    by 0x4ADE237: _nc_tparm_analyze (in /usr/lib/x86_64-linux-gnu/libtinfo.so.6.4)
==141042==    by 0x488664C: rl_initialize (in /usr/lib/x86_64-linux-gnu/libreadline.so.8.2)
==141043==    by 0x4ADE5B2: ??? (in /usr/lib/x86_64-linux-gnu/libtinfo.so.6.4)
==141042==    by 0x4886896: readline (in /usr/lib/x86_64-linux-gnu/libreadline.so.8.2)
==141043==    by 0x4AE3278: _nc_tiparm (in /usr/lib/x86_64-linux-gnu/libtinfo.so.6.4)
==141042==    by 0x1095DD: minishell_interactive (in /home/radek/42-minishell/minishell)
==141043==    by 0x4AE9F4F: ??? (in /usr/lib/x86_64-linux-gnu/libtinfo.so.6.4)
==141042==    by 0x1096D7: main (in /home/radek/42-minishell/minishell)
==141043==    by 0x4AE9FD9: _nc_trim_sgr0 (in /usr/lib/x86_64-linux-gnu/libtinfo.so.6.4)
==141042== 
==141043==    by 0x4AE69B7: tgetent_sp (in /usr/lib/x86_64-linux-gnu/libtinfo.so.6.4)
==141042== 4,112 bytes in 1 blocks are still reachable in loss record 63 of 78
==141043==    by 0x489ACE4: _rl_init_terminal_io (in /usr/lib/x86_64-linux-gnu/libreadline.so.8.2)
==141042==    at 0x4846828: malloc (in /usr/libexec/valgrind/vgpreload_memcheck-amd64-linux.so)
==141043==    by 0x48865D7: rl_initialize (in /usr/lib/x86_64-linux-gnu/libreadline.so.8.2)
==141042==    by 0x489F0EC: xmalloc (in /usr/lib/x86_64-linux-gnu/libreadline.so.8.2)
==141043==    by 0x4886896: readline (in /usr/lib/x86_64-linux-gnu/libreadline.so.8.2)
==141042==    by 0x487A4E1: rl_make_bare_keymap (in /usr/lib/x86_64-linux-gnu/libreadline.so.8.2)
==141043==    by 0x1095DD: minishell_interactive (in /home/radek/42-minishell/minishell)
==141042==    by 0x487B398: rl_generic_bind (in /usr/lib/x86_64-linux-gnu/libreadline.so.8.2)
==141043==    by 0x1096D7: main (in /home/radek/42-minishell/minishell)
==141042==    by 0x4886315: rl_bind_keyseq_if_unbound_in_map (in /usr/lib/x86_64-linux-gnu/libreadline.so.8.2)
==141043== 
==141042==    by 0x488650E: ??? (in /usr/lib/x86_64-linux-gnu/libreadline.so.8.2)
==141042==    by 0x488665B: rl_initialize (in /usr/lib/x86_64-linux-gnu/libreadline.so.8.2)
==141043== 156 bytes in 1 blocks are still reachable in loss record 34 of 89
==141042==    by 0x4886896: readline (in /usr/lib/x86_64-linux-gnu/libreadline.so.8.2)
==141043==    at 0x484DB80: realloc (in /usr/libexec/valgrind/vgpreload_memcheck-amd64-linux.so)
==141042==    by 0x1095DD: minishell_interactive (in /home/radek/42-minishell/minishell)
==141043==    by 0x4ADA9DC: _nc_doalloc (in /usr/lib/x86_64-linux-gnu/libtinfo.so.6.4)
==141042==    by 0x1096D7: main (in /home/radek/42-minishell/minishell)
==141043==    by 0x4AE94C6: _nc_read_termtype (in /usr/lib/x86_64-linux-gnu/libtinfo.so.6.4)
==141042== 
==141043==    by 0x4AEA5C1: _nc_read_file_entry (in /usr/lib/x86_64-linux-gnu/libtinfo.so.6.4)
==141042== 4,112 bytes in 1 blocks are still reachable in loss record 64 of 78
==141043==    by 0x4AEA94C: ??? (in /usr/lib/x86_64-linux-gnu/libtinfo.so.6.4)
==141042==    at 0x4846828: malloc (in /usr/libexec/valgrind/vgpreload_memcheck-amd64-linux.so)
==141043==    by 0x4AEAAB0: _nc_read_entry2 (in /usr/lib/x86_64-linux-gnu/libtinfo.so.6.4)
==141042==    by 0x489F0EC: xmalloc (in /usr/lib/x86_64-linux-gnu/libreadline.so.8.2)
==141043==    by 0x4AE6135: ??? (in /usr/lib/x86_64-linux-gnu/libtinfo.so.6.4)
==141042==    by 0x487A4E1: rl_make_bare_keymap (in /usr/lib/x86_64-linux-gnu/libreadline.so.8.2)
==141043==    by 0x4AE62C5: _nc_setupterm (in /usr/lib/x86_64-linux-gnu/libtinfo.so.6.4)
==141042==    by 0x487B398: rl_generic_bind (in /usr/lib/x86_64-linux-gnu/libreadline.so.8.2)
==141043==    by 0x4AE67D6: tgetent_sp (in /usr/lib/x86_64-linux-gnu/libtinfo.so.6.4)
==141042==    by 0x4886315: rl_bind_keyseq_if_unbound_in_map (in /usr/lib/x86_64-linux-gnu/libreadline.so.8.2)
==141043==    by 0x489ACE4: _rl_init_terminal_io (in /usr/lib/x86_64-linux-gnu/libreadline.so.8.2)
==141042==    by 0x488650E: ??? (in /usr/lib/x86_64-linux-gnu/libreadline.so.8.2)
==141043==    by 0x48865D7: rl_initialize (in /usr/lib/x86_64-linux-gnu/libreadline.so.8.2)
==141042==    by 0x488667C: rl_initialize (in /usr/lib/x86_64-linux-gnu/libreadline.so.8.2)
==141043==    by 0x4886896: readline (in /usr/lib/x86_64-linux-gnu/libreadline.so.8.2)
==141042==    by 0x4886896: readline (in /usr/lib/x86_64-linux-gnu/libreadline.so.8.2)
==141043== 
==141042==    by 0x1095DD: minishell_interactive (in /home/radek/42-minishell/minishell)
==141043== 168 bytes in 1 blocks are still reachable in loss record 35 of 89
==141042==    by 0x1096D7: main (in /home/radek/42-minishell/minishell)
==141043==    at 0x484D953: calloc (in /usr/libexec/valgrind/vgpreload_memcheck-amd64-linux.so)
==141042== 
==141043==    by 0x4ADE61E: ??? (in /usr/lib/x86_64-linux-gnu/libtinfo.so.6.4)
==141043==    by 0x4AE3278: _nc_tiparm (in /usr/lib/x86_64-linux-gnu/libtinfo.so.6.4)
==141042== 7,952 bytes in 1 blocks are still reachable in loss record 65 of 78
==141043==    by 0x4AE9F4F: ??? (in /usr/lib/x86_64-linux-gnu/libtinfo.so.6.4)
==141042==    at 0x484D953: calloc (in /usr/libexec/valgrind/vgpreload_memcheck-amd64-linux.so)
==141043==    by 0x4AE9FD9: _nc_trim_sgr0 (in /usr/lib/x86_64-linux-gnu/libtinfo.so.6.4)
==141042==    by 0x4AD8C77: ??? (in /usr/lib/x86_64-linux-gnu/libtinfo.so.6.4)
==141043==    by 0x4AE69B7: tgetent_sp (in /usr/lib/x86_64-linux-gnu/libtinfo.so.6.4)
==141042==    by 0x4ADA69D: _nc_find_type_entry (in /usr/lib/x86_64-linux-gnu/libtinfo.so.6.4)
==141042==    by 0x4ADD3C1: tgetstr_sp (in /usr/lib/x86_64-linux-gnu/libtinfo.so.6.4)
==141042==    by 0x489AD22: _rl_init_terminal_io (in /usr/lib/x86_64-linux-gnu/libreadline.so.8.2)
==141042==    by 0x48865D7: rl_initialize (in /usr/lib/x86_64-linux-gnu/libreadline.so.8.2)
==141043==    by 0x489ACE4: _rl_init_terminal_io (in /usr/lib/x86_64-linux-gnu/libreadline.so.8.2)
==141042==    by 0x4886896: readline (in /usr/lib/x86_64-linux-gnu/libreadline.so.8.2)
==141043==    by 0x48865D7: rl_initialize (in /usr/lib/x86_64-linux-gnu/libreadline.so.8.2)
==141042==    by 0x1095DD: minishell_interactive (in /home/radek/42-minishell/minishell)
==141043==    by 0x4886896: readline (in /usr/lib/x86_64-linux-gnu/libreadline.so.8.2)
==141042==    by 0x1096D7: main (in /home/radek/42-minishell/minishell)
==141043==    by 0x1095DD: minishell_interactive (in /home/radek/42-minishell/minishell)
==141042== 
==141043==    by 0x1096D7: main (in /home/radek/42-minishell/minishell)
==141043== 
==141042== 8,224 bytes in 2 blocks are still reachable in loss record 66 of 78
==141043== 200 bytes in 5 blocks are still reachable in loss record 36 of 89
==141042==    at 0x4846828: malloc (in /usr/libexec/valgrind/vgpreload_memcheck-amd64-linux.so)
==141043==    at 0x4846828: malloc (in /usr/libexec/valgrind/vgpreload_memcheck-amd64-linux.so)
==141042==    by 0x489F0EC: xmalloc (in /usr/lib/x86_64-linux-gnu/libreadline.so.8.2)
==141043==    by 0x109C60: create_node (in /home/radek/42-minishell/minishell)
==141042==    by 0x487A4E1: rl_make_bare_keymap (in /usr/lib/x86_64-linux-gnu/libreadline.so.8.2)
==141043==    by 0x109CE5: add_node (in /home/radek/42-minishell/minishell)
==141042==    by 0x487B398: rl_generic_bind (in /usr/lib/x86_64-linux-gnu/libreadline.so.8.2)
==141043==    by 0x109A7A: read_tokens (in /home/radek/42-minishell/minishell)
==141042==    by 0x4886315: rl_bind_keyseq_if_unbound_in_map (in /usr/lib/x86_64-linux-gnu/libreadline.so.8.2)
==141043==    by 0x109AC3: input_handler (in /home/radek/42-minishell/minishell)
==141042==    by 0x489A858: ??? (in /usr/lib/x86_64-linux-gnu/libreadline.so.8.2)
==141043==    by 0x109643: minishell_interactive (in /home/radek/42-minishell/minishell)
==141042==    by 0x489AE24: _rl_init_terminal_io (in /usr/lib/x86_64-linux-gnu/libreadline.so.8.2)
==141043==    by 0x1096D7: main (in /home/radek/42-minishell/minishell)
==141042==    by 0x48865D7: rl_initialize (in /usr/lib/x86_64-linux-gnu/libreadline.so.8.2)
==141043== 
==141042==    by 0x4886896: readline (in /usr/lib/x86_64-linux-gnu/libreadline.so.8.2)
==141042==    by 0x1095DD: minishell_interactive (in /home/radek/42-minishell/minishell)
==141043== 256 bytes in 1 blocks are still reachable in loss record 37 of 89
==141042==    by 0x1096D7: main (in /home/radek/42-minishell/minishell)
==141043==    at 0x4846828: malloc (in /usr/libexec/valgrind/vgpreload_memcheck-amd64-linux.so)
==141042== 
==141043==    by 0x489F0EC: xmalloc (in /usr/lib/x86_64-linux-gnu/libreadline.so.8.2)
==141042== 8,224 bytes in 2 blocks are still reachable in loss record 67 of 78
==141043==    by 0x4886846: rl_initialize (in /usr/lib/x86_64-linux-gnu/libreadline.so.8.2)
==141042==    at 0x4846828: malloc (in /usr/libexec/valgrind/vgpreload_memcheck-amd64-linux.so)
==141043==    by 0x4886896: readline (in /usr/lib/x86_64-linux-gnu/libreadline.so.8.2)
==141042==    by 0x489F0EC: xmalloc (in /usr/lib/x86_64-linux-gnu/libreadline.so.8.2)
==141043==    by 0x1095DD: minishell_interactive (in /home/radek/42-minishell/minishell)
==141042==    by 0x487A4E1: rl_make_bare_keymap (in /usr/lib/x86_64-linux-gnu/libreadline.so.8.2)
==141043==    by 0x1096D7: main (in /home/radek/42-minishell/minishell)
==141042==    by 0x487B398: rl_generic_bind (in /usr/lib/x86_64-linux-gnu/libreadline.so.8.2)
==141043== 
==141042==    by 0x4886315: rl_bind_keyseq_if_unbound_in_map (in /usr/lib/x86_64-linux-gnu/libreadline.so.8.2)
==141042==    by 0x489A7E6: ??? (in /usr/lib/x86_64-linux-gnu/libreadline.so.8.2)
==141043== 408 bytes in 1 blocks are still reachable in loss record 38 of 89
==141043==    at 0x4846828: malloc (in /usr/libexec/valgrind/vgpreload_memcheck-amd64-linux.so)
==141043==    by 0x10DFC4: ft_calloc (in /home/radek/42-minishell/minishell)
==141043==    by 0x109775: add_env (in /home/radek/42-minishell/minishell)
==141042==    by 0x489AE30: _rl_init_terminal_io (in /usr/lib/x86_64-linux-gnu/libreadline.so.8.2)
==141043==    by 0x10969B: main (in /home/radek/42-minishell/minishell)
==141042==    by 0x48865D7: rl_initialize (in /usr/lib/x86_64-linux-gnu/libreadline.so.8.2)
==141043== 
==141042==    by 0x4886896: readline (in /usr/lib/x86_64-linux-gnu/libreadline.so.8.2)
==141042==    by 0x1095DD: minishell_interactive (in /home/radek/42-minishell/minishell)
==141043== 712 bytes in 1 blocks are still reachable in loss record 39 of 89
==141042==    by 0x1096D7: main (in /home/radek/42-minishell/minishell)
==141043==    at 0x484D953: calloc (in /usr/libexec/valgrind/vgpreload_memcheck-amd64-linux.so)
==141042== 
==141043==    by 0x4AE9783: _nc_read_termtype (in /usr/lib/x86_64-linux-gnu/libtinfo.so.6.4)
==141043==    by 0x4AEA5C1: _nc_read_file_entry (in /usr/lib/x86_64-linux-gnu/libtinfo.so.6.4)
==141042== 8,224 bytes in 2 blocks are still reachable in loss record 68 of 78
==141043==    by 0x4AEA94C: ??? (in /usr/lib/x86_64-linux-gnu/libtinfo.so.6.4)
==141042==    at 0x4846828: malloc (in /usr/libexec/valgrind/vgpreload_memcheck-amd64-linux.so)
==141043==    by 0x4AEAAB0: _nc_read_entry2 (in /usr/lib/x86_64-linux-gnu/libtinfo.so.6.4)
==141042==    by 0x489F0EC: xmalloc (in /usr/lib/x86_64-linux-gnu/libreadline.so.8.2)
==141043==    by 0x4AE6135: ??? (in /usr/lib/x86_64-linux-gnu/libtinfo.so.6.4)
==141042==    by 0x487A4E1: rl_make_bare_keymap (in /usr/lib/x86_64-linux-gnu/libreadline.so.8.2)
==141043==    by 0x4AE62C5: _nc_setupterm (in /usr/lib/x86_64-linux-gnu/libtinfo.so.6.4)
==141042==    by 0x487B398: rl_generic_bind (in /usr/lib/x86_64-linux-gnu/libreadline.so.8.2)
==141043==    by 0x4AE67D6: tgetent_sp (in /usr/lib/x86_64-linux-gnu/libtinfo.so.6.4)
==141042==    by 0x4886315: rl_bind_keyseq_if_unbound_in_map (in /usr/lib/x86_64-linux-gnu/libreadline.so.8.2)
==141043==    by 0x489ACE4: _rl_init_terminal_io (in /usr/lib/x86_64-linux-gnu/libreadline.so.8.2)
==141042==    by 0x489A858: ??? (in /usr/lib/x86_64-linux-gnu/libreadline.so.8.2)
==141043==    by 0x48865D7: rl_initialize (in /usr/lib/x86_64-linux-gnu/libreadline.so.8.2)
==141042==    by 0x489AE30: _rl_init_terminal_io (in /usr/lib/x86_64-linux-gnu/libreadline.so.8.2)
==141043==    by 0x4886896: readline (in /usr/lib/x86_64-linux-gnu/libreadline.so.8.2)
==141042==    by 0x48865D7: rl_initialize (in /usr/lib/x86_64-linux-gnu/libreadline.so.8.2)
==141043==    by 0x1095DD: minishell_interactive (in /home/radek/42-minishell/minishell)
==141042==    by 0x4886896: readline (in /usr/lib/x86_64-linux-gnu/libreadline.so.8.2)
==141043== 
==141042==    by 0x1095DD: minishell_interactive (in /home/radek/42-minishell/minishell)
==141042==    by 0x1096D7: main (in /home/radek/42-minishell/minishell)
==141043== 712 bytes in 1 blocks are still reachable in loss record 40 of 89
==141042== 
==141043==    at 0x4846828: malloc (in /usr/libexec/valgrind/vgpreload_memcheck-amd64-linux.so)
==141042== 8,224 bytes in 2 blocks are still reachable in loss record 69 of 78
==141043==    by 0x4ADA27D: ??? (in /usr/lib/x86_64-linux-gnu/libtinfo.so.6.4)
==141042==    at 0x4846828: malloc (in /usr/libexec/valgrind/vgpreload_memcheck-amd64-linux.so)
==141043==    by 0x4AE62F7: _nc_setupterm (in /usr/lib/x86_64-linux-gnu/libtinfo.so.6.4)
==141042==    by 0x489F0EC: xmalloc (in /usr/lib/x86_64-linux-gnu/libreadline.so.8.2)
==141043==    by 0x4AE67D6: tgetent_sp (in /usr/lib/x86_64-linux-gnu/libtinfo.so.6.4)
==141042==    by 0x487A4E1: rl_make_bare_keymap (in /usr/lib/x86_64-linux-gnu/libreadline.so.8.2)
==141043==    by 0x489ACE4: _rl_init_terminal_io (in /usr/lib/x86_64-linux-gnu/libreadline.so.8.2)
==141042==    by 0x487B398: rl_generic_bind (in /usr/lib/x86_64-linux-gnu/libreadline.so.8.2)
==141043==    by 0x48865D7: rl_initialize (in /usr/lib/x86_64-linux-gnu/libreadline.so.8.2)
==141042==    by 0x4886315: rl_bind_keyseq_if_unbound_in_map (in /usr/lib/x86_64-linux-gnu/libreadline.so.8.2)
==141043==    by 0x4886896: readline (in /usr/lib/x86_64-linux-gnu/libreadline.so.8.2)
==141042==    by 0x489A7E6: ??? (in /usr/lib/x86_64-linux-gnu/libreadline.so.8.2)
==141043==    by 0x1095DD: minishell_interactive (in /home/radek/42-minishell/minishell)
==141042==    by 0x489AE3C: _rl_init_terminal_io (in /usr/lib/x86_64-linux-gnu/libreadline.so.8.2)
==141043==    by 0x1096D7: main (in /home/radek/42-minishell/minishell)
==141042==    by 0x48865D7: rl_initialize (in /usr/lib/x86_64-linux-gnu/libreadline.so.8.2)
==141043== 
==141042==    by 0x4886896: readline (in /usr/lib/x86_64-linux-gnu/libreadline.so.8.2)
==141042==    by 0x1095DD: minishell_interactive (in /home/radek/42-minishell/minishell)
==141043== 760 bytes in 1 blocks are still reachable in loss record 41 of 89
==141042==    by 0x1096D7: main (in /home/radek/42-minishell/minishell)
==141043==    at 0x484D953: calloc (in /usr/libexec/valgrind/vgpreload_memcheck-amd64-linux.so)
==141042== 
==141043==    by 0x4AE626F: _nc_setupterm (in /usr/lib/x86_64-linux-gnu/libtinfo.so.6.4)
==141042== 8,224 bytes in 2 blocks are still reachable in loss record 70 of 78
==141043==    by 0x4AE67D6: tgetent_sp (in /usr/lib/x86_64-linux-gnu/libtinfo.so.6.4)
==141042==    at 0x4846828: malloc (in /usr/libexec/valgrind/vgpreload_memcheck-amd64-linux.so)
==141043==    by 0x489ACE4: _rl_init_terminal_io (in /usr/lib/x86_64-linux-gnu/libreadline.so.8.2)
==141042==    by 0x489F0EC: xmalloc (in /usr/lib/x86_64-linux-gnu/libreadline.so.8.2)
==141043==    by 0x48865D7: rl_initialize (in /usr/lib/x86_64-linux-gnu/libreadline.so.8.2)
==141042==    by 0x487A4E1: rl_make_bare_keymap (in /usr/lib/x86_64-linux-gnu/libreadline.so.8.2)
==141043==    by 0x4886896: readline (in /usr/lib/x86_64-linux-gnu/libreadline.so.8.2)
==141042==    by 0x487B398: rl_generic_bind (in /usr/lib/x86_64-linux-gnu/libreadline.so.8.2)
==141043==    by 0x1095DD: minishell_interactive (in /home/radek/42-minishell/minishell)
